../Core/Module/init_stm32f7/api_init.cpp:49:6:void init_stm32f746()	8	static
../Core/Module/init_stm32f7/api_init.cpp:67:6:void SystemClock_Config()	88	static
../Core/Module/init_stm32f7/api_init.cpp:120:6:void MX_CAN1_Init()	8	static
../Core/Module/init_stm32f7/api_init.cpp:181:6:void MX_TIM7_Init()	24	static
../Core/Module/init_stm32f7/api_init.cpp:219:6:void MX_UART4_Init()	8	static
../Core/Module/init_stm32f7/api_init.cpp:254:6:void MX_UART5_Init()	8	static
../Core/Module/init_stm32f7/api_init.cpp:289:6:void MX_USART1_UART_Init()	8	static
../Core/Module/init_stm32f7/api_init.cpp:324:6:void MX_USART3_UART_Init()	8	static
../Core/Module/init_stm32f7/api_init.cpp:359:6:void MX_USART6_UART_Init()	8	static
../Core/Module/init_stm32f7/api_init.cpp:390:6:void MX_FMC_Init()	40	static
../Core/Module/init_stm32f7/api_init.cpp:448:6:void MX_GPIO_Init()	64	static
../Core/Module/init_stm32f7/api_init.cpp:538:6:void MPU_Config()	24	static
../Core/Module/init_stm32f7/api_init.cpp:577:6:void HAL_TIM_PeriodElapsedCallback(TIM_HandleTypeDef*)	16	static
../Core/Module/init_stm32f7/api_init.cpp:594:6:void Error_Handler()	4	static,ignoring_inline_asm
