/opt/st/stm32cubeide_1.10.1/plugins/com.st.stm32cube.ide.mcu.externaltools.gnu-tools-for-stm32.10.3-2021.10.linux64_1.0.0.202111181127/tools/arm-none-eabi/include/c++/10.3.1/arm-none-eabi/thumb/v7e-m+fp/hard/bits/gthr-default.h:229:1:int __gthread_key_delete(__gthread_key_t)	16	static
../Core/Module/common_sensor/common_sensor.cpp:12:1:CommonSensor::CommonSensor()	16	static
../Core/Module/common_sensor/common_sensor.cpp:14:1:CommonSensor::CommonSensor(uint16_t, bool, uint8_t, GPIO_TypeDef*, uint32_t)	16	static
../Core/Module/common_sensor/common_sensor.cpp:24:1:CommonSensor::~CommonSensor()	16	static
../Core/Module/common_sensor/common_sensor.cpp:27:6:bool CommonSensor::GetSensorData() const	16	static
../Core/Module/common_sensor/common_sensor.cpp:29:10:uint16_t CommonSensor::GetSensorIndex() const	16	static
../Core/Module/common_sensor/common_sensor.cpp:33:6:bool CommonSensor::CheckSensorValue()	16	static
../Core/Module/common_sensor/common_sensor.cpp:42:6:bool CommonSensor::IsInfoFiltered()	16	static
../Core/Module/common_sensor/common_sensor.cpp:47:6:void CommonSensor::FilterCountUp()	16	static
../Core/Module/common_sensor/common_sensor.cpp:52:6:void CommonSensor::FilterStatusChanged()	16	static
../Core/Module/common_sensor/common_sensor.cpp:55:6:bool CommonSensor::Drive()	24	static
