/opt/st/stm32cubeide_1.10.1/plugins/com.st.stm32cube.ide.mcu.externaltools.gnu-tools-for-stm32.10.3-2021.10.linux64_1.0.0.202111181127/tools/arm-none-eabi/include/c++/10.3.1/arm-none-eabi/thumb/v7e-m+fp/hard/bits/gthr-default.h:229:1:int __gthread_key_delete(__gthread_key_t)	16	static
/home/kssvm/STM32CubeIDE/workspace_1.10.1/ML/test1/Core/Module/transmit_tools/../../Module/Util/CalcCRC.h:65:16:short unsigned int CalcCRC(unsigned char*, long unsigned int)	24	static
../Core/Module/api_debug/api_debug.cpp:24:6:void vprint(const char*, va_list)	216	static
../Core/Module/api_debug/api_debug.cpp:34:6:)	16	static
../Core/Module/api_debug/api_debug.cpp:42:6:void HAL_UART_RxCpltCallback(UART_HandleTypeDef*)	16	static
../Core/Module/api_debug/api_debug.cpp:64:6:void Debug_Uart_Init()	8	static
../Core/Module/api_debug/api_debug.cpp:84:6:void DebugDrive()	32	static
