Archive member included to satisfy reference by file (symbol)

/home/studio3s/st/stm32cubeide_1.8.0_2/plugins/com.st.stm32cube.ide.mcu.externaltools.gnu-tools-for-stm32.10.3-2021.10.linux64_1.0.0.202111181127/tools/bin/../lib/gcc/arm-none-eabi/10.3.1/../../../../arm-none-eabi/lib/thumb/v7e-m+fp/hard/libstdc++_nano.a(del_ops.o)
                              ./Core/Module/lift_motor/bg95.o (operator delete(void*, unsigned int))
/home/studio3s/st/stm32cubeide_1.8.0_2/plugins/com.st.stm32cube.ide.mcu.externaltools.gnu-tools-for-stm32.10.3-2021.10.linux64_1.0.0.202111181127/tools/bin/../lib/gcc/arm-none-eabi/10.3.1/../../../../arm-none-eabi/lib/thumb/v7e-m+fp/hard/libstdc++_nano.a(guard.o)
                              ./Core/Module/sensor_manager/sensor_manager.o (__cxa_guard_acquire)
/home/studio3s/st/stm32cubeide_1.8.0_2/plugins/com.st.stm32cube.ide.mcu.externaltools.gnu-tools-for-stm32.10.3-2021.10.linux64_1.0.0.202111181127/tools/bin/../lib/gcc/arm-none-eabi/10.3.1/../../../../arm-none-eabi/lib/thumb/v7e-m+fp/hard/libstdc++_nano.a(new_op.o)
                              ./Core/Module/lift_motor/bg95.o (operator new(unsigned int))
/home/studio3s/st/stm32cubeide_1.8.0_2/plugins/com.st.stm32cube.ide.mcu.externaltools.gnu-tools-for-stm32.10.3-2021.10.linux64_1.0.0.202111181127/tools/bin/../lib/gcc/arm-none-eabi/10.3.1/../../../../arm-none-eabi/lib/thumb/v7e-m+fp/hard/libstdc++_nano.a(pure.o)
                              ./Core/Module/optical_sensor/PNFPosSensor/PNFPosSensor.o (__cxa_pure_virtual)
/home/studio3s/st/stm32cubeide_1.8.0_2/plugins/com.st.stm32cube.ide.mcu.externaltools.gnu-tools-for-stm32.10.3-2021.10.linux64_1.0.0.202111181127/tools/bin/../lib/gcc/arm-none-eabi/10.3.1/../../../../arm-none-eabi/lib/thumb/v7e-m+fp/hard/libstdc++_nano.a(functexcept.o)
                              ./Core/Module/lift_motor/bg95.o (std::__throw_bad_alloc())
/home/studio3s/st/stm32cubeide_1.8.0_2/plugins/com.st.stm32cube.ide.mcu.externaltools.gnu-tools-for-stm32.10.3-2021.10.linux64_1.0.0.202111181127/tools/bin/../lib/gcc/arm-none-eabi/10.3.1/../../../../arm-none-eabi/lib/thumb/v7e-m+fp/hard/libstdc++_nano.a(snprintf_lite.o)
                              /home/studio3s/st/stm32cubeide_1.8.0_2/plugins/com.st.stm32cube.ide.mcu.externaltools.gnu-tools-for-stm32.10.3-2021.10.linux64_1.0.0.202111181127/tools/bin/../lib/gcc/arm-none-eabi/10.3.1/../../../../arm-none-eabi/lib/thumb/v7e-m+fp/hard/libstdc++_nano.a(functexcept.o) (__gnu_cxx::__snprintf_lite(char*, unsigned int, char const*, std::__va_list))
/home/studio3s/st/stm32cubeide_1.8.0_2/plugins/com.st.stm32cube.ide.mcu.externaltools.gnu-tools-for-stm32.10.3-2021.10.linux64_1.0.0.202111181127/tools/bin/../lib/gcc/arm-none-eabi/10.3.1/../../../../arm-none-eabi/lib/thumb/v7e-m+fp/hard/libstdc++_nano.a(del_op.o)
                              /home/studio3s/st/stm32cubeide_1.8.0_2/plugins/com.st.stm32cube.ide.mcu.externaltools.gnu-tools-for-stm32.10.3-2021.10.linux64_1.0.0.202111181127/tools/bin/../lib/gcc/arm-none-eabi/10.3.1/../../../../arm-none-eabi/lib/thumb/v7e-m+fp/hard/libstdc++_nano.a(del_ops.o) (operator delete(void*))
/home/studio3s/st/stm32cubeide_1.8.0_2/plugins/com.st.stm32cube.ide.mcu.externaltools.gnu-tools-for-stm32.10.3-2021.10.linux64_1.0.0.202111181127/tools/bin/../lib/gcc/arm-none-eabi/10.3.1/../../../../arm-none-eabi/lib/thumb/v7e-m+fp/hard/libstdc++_nano.a(eh_terminate.o)
                              /home/studio3s/st/stm32cubeide_1.8.0_2/plugins/com.st.stm32cube.ide.mcu.externaltools.gnu-tools-for-stm32.10.3-2021.10.linux64_1.0.0.202111181127/tools/bin/../lib/gcc/arm-none-eabi/10.3.1/../../../../arm-none-eabi/lib/thumb/v7e-m+fp/hard/libstdc++_nano.a(pure.o) (std::terminate())
/home/studio3s/st/stm32cubeide_1.8.0_2/plugins/com.st.stm32cube.ide.mcu.externaltools.gnu-tools-for-stm32.10.3-2021.10.linux64_1.0.0.202111181127/tools/bin/../lib/gcc/arm-none-eabi/10.3.1/../../../../arm-none-eabi/lib/thumb/v7e-m+fp/hard/libstdc++_nano.a(eh_unex_handler.o)
                              /home/studio3s/st/stm32cubeide_1.8.0_2/plugins/com.st.stm32cube.ide.mcu.externaltools.gnu-tools-for-stm32.10.3-2021.10.linux64_1.0.0.202111181127/tools/bin/../lib/gcc/arm-none-eabi/10.3.1/../../../../arm-none-eabi/lib/thumb/v7e-m+fp/hard/libstdc++_nano.a(eh_terminate.o) (__cxxabiv1::__unexpected_handler)
/home/studio3s/st/stm32cubeide_1.8.0_2/plugins/com.st.stm32cube.ide.mcu.externaltools.gnu-tools-for-stm32.10.3-2021.10.linux64_1.0.0.202111181127/tools/bin/../lib/gcc/arm-none-eabi/10.3.1/../../../../arm-none-eabi/lib/thumb/v7e-m+fp/hard/libstdc++_nano.a(new_handler.o)
                              /home/studio3s/st/stm32cubeide_1.8.0_2/plugins/com.st.stm32cube.ide.mcu.externaltools.gnu-tools-for-stm32.10.3-2021.10.linux64_1.0.0.202111181127/tools/bin/../lib/gcc/arm-none-eabi/10.3.1/../../../../arm-none-eabi/lib/thumb/v7e-m+fp/hard/libstdc++_nano.a(new_op.o) (std::get_new_handler())
[...]
Memory Configuration

Name             Origin             Length             Attributes
RAM              0x0000000020000000 0x0000000000050000 xrw
FLASH            0x0000000008000000 0x0000000000080000 xr
*default*        0x0000000000000000 0xffffffffffffffff

Linker script and memory map

LOAD /home/studio3s/st/stm32cubeide_1.8.0_2/plugins/com.st.stm32cube.ide.mcu.externaltools.gnu-tools-for-stm32.10.3-2021.10.linux64_1.0.0.202111181127/tools/bin/../lib/gcc/arm-none-eabi/10.3.1/thumb/v7e-m+fp/hard/crti.o
LOAD /home/studio3s/st/stm32cubeide_1.8.0_2/plugins/com.st.stm32cube.ide.mcu.externaltools.gnu-tools-for-stm32.10.3-2021.10.linux64_1.0.0.202111181127/tools/bin/../lib/gcc/arm-none-eabi/10.3.1/thumb/v7e-m+fp/hard/crtbegin.o
LOAD /home/studio3s/st/stm32cubeide_1.8.0_2/plugins/com.st.stm32cube.ide.mcu.externaltools.gnu-tools-for-stm32.10.3-2021.10.linux64_1.0.0.202111181127/tools/bin/../lib/gcc/arm-none-eabi/10.3.1/../../../../arm-none-eabi/lib/thumb/v7e-m+fp/hard/crt0.o
LOAD ./Core/Module/Util/phy_Lan8720/lan8720.o
LOAD ./Core/Module/api_debug/api_debug.o
LOAD ./Core/Module/common_sensor/common_sensor.o
LOAD ./Core/Module/ethernet/heap_useNewLib.o
LOAD ./Core/Module/ethernet/tcp_rtos/tcp_rtos.o
LOAD ./Core/Module/ethernet/udp_rtos/udp_rtos.o
LOAD ./Core/Module/init_stm32f7/api_init.o
LOAD ./Core/Module/lift_motor/bg95.o
LOAD ./Core/Module/optical_sensor/PNFPosSensor/PNFPosSensor.o
LOAD ./Core/Module/optical_sensor/pcv80/PCV80.o
LOAD ./Core/Module/optical_sensor/pgv100/pgv100.o
LOAD ./Core/Module/sensor_manager/sensor_manager.o
LOAD ./Core/Module/transmit_tools/transmit_tools.o
LOAD ./Core/Src/freertos.o
LOAD ./Core/Src/main.o
LOAD ./Core/Src/stm32f7xx_hal_msp.o
LOAD ./Core/Src/stm32f7xx_hal_timebase_tim.o
LOAD ./Core/Src/stm32f7xx_it.o
LOAD ./Core/Src/syscalls.o
LOAD ./Core/Src/sysmem.o
LOAD ./Core/Src/system_stm32f7xx.o
LOAD ./Core/Startup/startup_stm32f746zetx.o
LOAD ./Drivers/BSP/Components/lan8742/lan8742.o
LOAD ./Drivers/STM32F7xx_HAL_Driver/Src/stm32f7xx_hal.o
LOAD ./Drivers/STM32F7xx_HAL_Driver/Src/stm32f7xx_hal_can.o
LOAD ./Drivers/STM32F7xx_HAL_Driver/Src/stm32f7xx_hal_cortex.o
LOAD ./Drivers/STM32F7xx_HAL_Driver/Src/stm32f7xx_hal_dma.o
LOAD ./Drivers/STM32F7xx_HAL_Driver/Src/stm32f7xx_hal_dma_ex.o
LOAD ./Drivers/STM32F7xx_HAL_Driver/Src/stm32f7xx_hal_eth.o
LOAD ./Drivers/STM32F7xx_HAL_Driver/Src/stm32f7xx_hal_exti.o
LOAD ./Drivers/STM32F7xx_HAL_Driver/Src/stm32f7xx_hal_flash.o
LOAD ./Drivers/STM32F7xx_HAL_Driver/Src/stm32f7xx_hal_flash_ex.o
LOAD ./Drivers/STM32F7xx_HAL_Driver/Src/stm32f7xx_hal_gpio.o
LOAD ./Drivers/STM32F7xx_HAL_Driver/Src/stm32f7xx_hal_i2c.o
LOAD ./Drivers/STM32F7xx_HAL_Driver/Src/stm32f7xx_hal_i2c_ex.o
LOAD ./Drivers/STM32F7xx_HAL_Driver/Src/stm32f7xx_hal_pwr.o
LOAD ./Drivers/STM32F7xx_HAL_Driver/Src/stm32f7xx_hal_pwr_ex.o
LOAD ./Drivers/STM32F7xx_HAL_Driver/Src/stm32f7xx_hal_rcc.o
LOAD ./Drivers/STM32F7xx_HAL_Driver/Src/stm32f7xx_hal_rcc_ex.o
LOAD ./Drivers/STM32F7xx_HAL_Driver/Src/stm32f7xx_hal_sram.o
LOAD ./Drivers/STM32F7xx_HAL_Driver/Src/stm32f7xx_hal_tim.o
LOAD ./Drivers/STM32F7xx_HAL_Driver/Src/stm32f7xx_hal_tim_ex.o
LOAD ./Drivers/STM32F7xx_HAL_Driver/Src/stm32f7xx_hal_uart.o
LOAD ./Drivers/STM32F7xx_HAL_Driver/Src/stm32f7xx_hal_uart_ex.o
LOAD ./Drivers/STM32F7xx_HAL_Driver/Src/stm32f7xx_ll_fmc.o
LOAD ./LWIP/App/lwip.o
LOAD ./LWIP/Target/ethernetif.o
LOAD ./Middlewares/Third_Party/FreeRTOS/Source/CMSIS_RTOS/cmsis_os.o
LOAD ./Middlewares/Third_Party/FreeRTOS/Source/croutine.o
LOAD ./Middlewares/Third_Party/FreeRTOS/Source/event_groups.o
LOAD ./Middlewares/Third_Party/FreeRTOS/Source/list.o
LOAD ./Middlewares/Third_Party/FreeRTOS/Source/queue.o
LOAD ./Middlewares/Third_Party/FreeRTOS/Source/stream_buffer.o
LOAD ./Middlewares/Third_Party/FreeRTOS/Source/tasks.o
LOAD ./Middlewares/Third_Party/FreeRTOS/Source/timers.o
LOAD ./Middlewares/Third_Party/FreeRTOS/Source/portable/GCC/ARM_CM7/r0p1/port.o
LOAD ./Middlewares/Third_Party/LwIP/src/api/api_lib.o
LOAD ./Middlewares/Third_Party/LwIP/src/api/api_msg.o
LOAD ./Middlewares/Third_Party/LwIP/src/api/err.o
LOAD ./Middlewares/Third_Party/LwIP/src/api/if_api.o
LOAD ./Middlewares/Third_Party/LwIP/src/api/netbuf.o
LOAD ./Middlewares/Third_Party/LwIP/src/api/netdb.o
LOAD ./Middlewares/Third_Party/LwIP/src/api/netifapi.o
LOAD ./Middlewares/Third_Party/LwIP/src/api/sockets.o
LOAD ./Middlewares/Third_Party/LwIP/src/api/tcpip.o
LOAD ./Middlewares/Third_Party/LwIP/src/apps/mqtt/mqtt.o
LOAD ./Middlewares/Third_Party/LwIP/src/core/altcp.o
LOAD ./Middlewares/Third_Party/LwIP/src/core/altcp_alloc.o
LOAD ./Middlewares/Third_Party/LwIP/src/core/altcp_tcp.o
LOAD ./Middlewares/Third_Party/LwIP/src/core/def.o
LOAD ./Middlewares/Third_Party/LwIP/src/core/dns.o
LOAD ./Middlewares/Third_Party/LwIP/src/core/inet_chksum.o
LOAD ./Middlewares/Third_Party/LwIP/src/core/init.o
LOAD ./Middlewares/Third_Party/LwIP/src/core/ip.o
LOAD ./Middlewares/Third_Party/LwIP/src/core/mem.o
LOAD ./Middlewares/Third_Party/LwIP/src/core/memp.o
LOAD ./Middlewares/Third_Party/LwIP/src/core/netif.o
LOAD ./Middlewares/Third_Party/LwIP/src/core/pbuf.o
LOAD ./Middlewares/Third_Party/LwIP/src/core/raw.o
LOAD ./Middlewares/Third_Party/LwIP/src/core/stats.o
LOAD ./Middlewares/Third_Party/LwIP/src/core/sys.o
LOAD ./Middlewares/Third_Party/LwIP/src/core/tcp.o
LOAD ./Middlewares/Third_Party/LwIP/src/core/tcp_in.o
LOAD ./Middlewares/Third_Party/LwIP/src/core/tcp_out.o
LOAD ./Middlewares/Third_Party/LwIP/src/core/timeouts.o
LOAD ./Middlewares/Third_Party/LwIP/src/core/udp.o
LOAD ./Middlewares/Third_Party/LwIP/src/core/ipv4/autoip.o
LOAD ./Middlewares/Third_Party/LwIP/src/core/ipv4/dhcp.o
LOAD ./Middlewares/Third_Party/LwIP/src/core/ipv4/etharp.o
LOAD ./Middlewares/Third_Party/LwIP/src/core/ipv4/icmp.o
LOAD ./Middlewares/Third_Party/LwIP/src/core/ipv4/igmp.o
LOAD ./Middlewares/Third_Party/LwIP/src/core/ipv4/ip4.o
LOAD ./Middlewares/Third_Party/LwIP/src/core/ipv4/ip4_addr.o
LOAD ./Middlewares/Third_Party/LwIP/src/core/ipv4/ip4_frag.o
LOAD ./Middlewares/Third_Party/LwIP/src/core/ipv6/dhcp6.o
LOAD ./Middlewares/Third_Party/LwIP/src/core/ipv6/ethip6.o
LOAD ./Middlewares/Third_Party/LwIP/src/core/ipv6/icmp6.o
LOAD ./Middlewares/Third_Party/LwIP/src/core/ipv6/inet6.o
LOAD ./Middlewares/Third_Party/LwIP/src/core/ipv6/ip6.o
LOAD ./Middlewares/Third_Party/LwIP/src/core/ipv6/ip6_addr.o
LOAD ./Middlewares/Third_Party/LwIP/src/core/ipv6/ip6_frag.o
LOAD ./Middlewares/Third_Party/LwIP/src/core/ipv6/mld6.o
LOAD ./Middlewares/Third_Party/LwIP/src/core/ipv6/nd6.o
LOAD ./Middlewares/Third_Party/LwIP/src/netif/bridgeif.o
LOAD ./Middlewares/Third_Party/LwIP/src/netif/bridgeif_fdb.o
LOAD ./Middlewares/Third_Party/LwIP/src/netif/ethernet.o
LOAD ./Middlewares/Third_Party/LwIP/src/netif/lowpan6.o
LOAD ./Middlewares/Third_Party/LwIP/src/netif/lowpan6_ble.o
LOAD ./Middlewares/Third_Party/LwIP/src/netif/lowpan6_common.o
LOAD ./Middlewares/Third_Party/LwIP/src/netif/slipif.o
LOAD ./Middlewares/Third_Party/LwIP/src/netif/zepif.o
LOAD ./Middlewares/Third_Party/LwIP/src/netif/ppp/auth.o
LOAD ./Middlewares/Third_Party/LwIP/src/netif/ppp/ccp.o
LOAD ./Middlewares/Third_Party/LwIP/src/netif/ppp/chap-md5.o
LOAD ./Middlewares/Third_Party/LwIP/src/netif/ppp/chap-new.o
LOAD ./Middlewares/Third_Party/LwIP/src/netif/ppp/chap_ms.o
LOAD ./Middlewares/Third_Party/LwIP/src/netif/ppp/demand.o
LOAD ./Middlewares/Third_Party/LwIP/src/netif/ppp/eap.o
LOAD ./Middlewares/Third_Party/LwIP/src/netif/ppp/ecp.o
LOAD ./Middlewares/Third_Party/LwIP/src/netif/ppp/eui64.o
LOAD ./Middlewares/Third_Party/LwIP/src/netif/ppp/fsm.o
LOAD ./Middlewares/Third_Party/LwIP/src/netif/ppp/ipcp.o
LOAD ./Middlewares/Third_Party/LwIP/src/netif/ppp/ipv6cp.o
LOAD ./Middlewares/Third_Party/LwIP/src/netif/ppp/lcp.o
LOAD ./Middlewares/Third_Party/LwIP/src/netif/ppp/magic.o
LOAD ./Middlewares/Third_Party/LwIP/src/netif/ppp/mppe.o
LOAD ./Middlewares/Third_Party/LwIP/src/netif/ppp/multilink.o
LOAD ./Middlewares/Third_Party/LwIP/src/netif/ppp/ppp.o
LOAD ./Middlewares/Third_Party/LwIP/src/netif/ppp/pppapi.o
LOAD ./Middlewares/Third_Party/LwIP/src/netif/ppp/pppcrypt.o
LOAD ./Middlewares/Third_Party/LwIP/src/netif/ppp/pppoe.o
LOAD ./Middlewares/Third_Party/LwIP/src/netif/ppp/pppol2tp.o
LOAD ./Middlewares/Third_Party/LwIP/src/netif/ppp/pppos.o
LOAD ./Middlewares/Third_Party/LwIP/src/netif/ppp/upap.o
LOAD ./Middlewares/Third_Party/LwIP/src/netif/ppp/utils.o
LOAD ./Middlewares/Third_Party/LwIP/src/netif/ppp/vj.o
LOAD ./Middlewares/Third_Party/LwIP/system/OS/sys_arch.o
START GROUP
LOAD /home/studio3s/st/stm32cubeide_1.8.0_2/plugins/com.st.stm32cube.ide.mcu.externaltools.gnu-tools-for-stm32.10.3-2021.10.linux64_1.0.0.202111181127/tools/bin/../lib/gcc/arm-none-eabi/10.3.1/../../../../arm-none-eabi/lib/thumb/v7e-m+fp/hard/libstdc++_nano.a
LOAD /home/studio3s/st/stm32cubeide_1.8.0_2/plugins/com.st.stm32cube.ide.mcu.externaltools.gnu-tools-for-stm32.10.3-2021.10.linux64_1.0.0.202111181127/tools/bin/../lib/gcc/arm-none-eabi/10.3.1/../../../../arm-none-eabi/lib/thumb/v7e-m+fp/hard/libsupc++_nano.a
END GROUP
LOAD /home/studio3s/st/stm32cubeide_1.8.0_2/plugins/com.st.stm32cube.ide.mcu.externaltools.gnu-tools-for-stm32.10.3-2021.10.linux64_1.0.0.202111181127/tools/bin/../lib/gcc/arm-none-eabi/10.3.1/../../../../arm-none-eabi/lib/thumb/v7e-m+fp/hard/libstdc++_nano.a
LOAD /home/studio3s/st/stm32cubeide_1.8.0_2/plugins/com.st.stm32cube.ide.mcu.externaltools.gnu-tools-for-stm32.10.3-2021.10.linux64_1.0.0.202111181127/tools/bin/../lib/gcc/arm-none-eabi/10.3.1/../../../../arm-none-eabi/lib/thumb/v7e-m+fp/hard/libm.a
LOAD /home/studio3s/st/stm32cubeide_1.8.0_2/plugins/com.st.stm32cube.ide.mcu.externaltools.gnu-tools-for-stm32.10.3-2021.10.linux64_1.0.0.202111181127/tools/bin/../lib/gcc/arm-none-eabi/10.3.1/../../../../arm-none-eabi/lib/thumb/v7e-m+fp/hard/libc_nano.a
START GROUP
LOAD /home/studio3s/st/stm32cubeide_1.8.0_2/plugins/com.st.stm32cube.ide.mcu.externaltools.gnu-tools-for-stm32.10.3-2021.10.linux64_1.0.0.202111181127/tools/bin/../lib/gcc/arm-none-eabi/10.3.1/thumb/v7e-m+fp/hard/libgcc.a
LOAD /home/studio3s/st/stm32cubeide_1.8.0_2/plugins/com.st.stm32cube.ide.mcu.externaltools.gnu-tools-for-stm32.10.3-2021.10.linux64_1.0.0.202111181127/tools/bin/../lib/gcc/arm-none-eabi/10.3.1/../../../../arm-none-eabi/lib/thumb/v7e-m+fp/hard/libc_nano.a
END GROUP
START GROUP
LOAD /home/studio3s/st/stm32cubeide_1.8.0_2/plugins/com.st.stm32cube.ide.mcu.externaltools.gnu-tools-for-stm32.10.3-2021.10.linux64_1.0.0.202111181127/tools/bin/../lib/gcc/arm-none-eabi/10.3.1/thumb/v7e-m+fp/hard/libgcc.a
LOAD /home/studio3s/st/stm32cubeide_1.8.0_2/plugins/com.st.stm32cube.ide.mcu.externaltools.gnu-tools-for-stm32.10.3-2021.10.linux64_1.0.0.202111181127/tools/bin/../lib/gcc/arm-none-eabi/10.3.1/../../../../arm-none-eabi/lib/thumb/v7e-m+fp/hard/libc_nano.a
LOAD /home/studio3s/st/stm32cubeide_1.8.0_2/plugins/com.st.stm32cube.ide.mcu.externaltools.gnu-tools-for-stm32.10.3-2021.10.linux64_1.0.0.202111181127/tools/bin/../lib/gcc/arm-none-eabi/10.3.1/../../../../arm-none-eabi/lib/thumb/v7e-m+fp/hard/libnosys.a
END GROUP
START GROUP
LOAD /home/studio3s/st/stm32cubeide_1.8.0_2/plugins/com.st.stm32cube.ide.mcu.externaltools.gnu-tools-for-stm32.10.3-2021.10.linux64_1.0.0.202111181127/tools/bin/../lib/gcc/arm-none-eabi/10.3.1/thumb/v7e-m+fp/hard/libgcc.a
LOAD /home/studio3s/st/stm32cubeide_1.8.0_2/plugins/com.st.stm32cube.ide.mcu.externaltools.gnu-tools-for-stm32.10.3-2021.10.linux64_1.0.0.202111181127/tools/bin/../lib/gcc/arm-none-eabi/10.3.1/../../../../arm-none-eabi/lib/thumb/v7e-m+fp/hard/libc_nano.a
LOAD /home/studio3s/st/stm32cubeide_1.8.0_2/plugins/com.st.stm32cube.ide.mcu.externaltools.gnu-tools-for-stm32.10.3-2021.10.linux64_1.0.0.202111181127/tools/bin/../lib/gcc/arm-none-eabi/10.3.1/../../../../arm-none-eabi/lib/thumb/v7e-m+fp/hard/libnosys.a
END GROUP
LOAD /home/studio3s/st/stm32cubeide_1.8.0_2/plugins/com.st.stm32cube.ide.mcu.externaltools.gnu-tools-for-stm32.10.3-2021.10.linux64_1.0.0.202111181127/tools/bin/../lib/gcc/arm-none-eabi/10.3.1/thumb/v7e-m+fp/hard/crtend.o
LOAD /home/studio3s/st/stm32cubeide_1.8.0_2/plugins/com.st.stm32cube.ide.mcu.externaltools.gnu-tools-for-stm32.10.3-2021.10.linux64_1.0.0.202111181127/tools/bin/../lib/gcc/arm-none-eabi/10.3.1/thumb/v7e-m+fp/hard/crtn.o
                0x0000000020050000                _estack = (ORIGIN (RAM) + LENGTH (RAM))
                0x0000000000002000                _Min_Heap_Size = 0x2000
                0x0000000000004000                _Min_Stack_Size = 0x4000

.isr_vector     0x0000000008000000      0x1c8
                0x0000000008000000                . = ALIGN (0x4)
 *(.isr_vector)
 .isr_vector    0x0000000008000000      0x1c8 ./Core/Startup/startup_stm32f746zetx.o
                0x0000000008000000                g_pfnVectors
                0x00000000080001c8                . = ALIGN (0x4)

.text           0x00000000080001d0    0x237f4
                0x00000000080001d0                . = ALIGN (0x4)
 *(.text)
 .text          0x00000000080001d0       0x40 /home/studio3s/st/stm32cubeide_1.8.0_2/plugins/com.st.stm32cube.ide.mcu.externaltools.gnu-tools-for-stm32.10.3-2021.10.linux64_1.0.0.202111181127/tools/bin/../lib/gcc/arm-none-eabi/10.3.1/thumb/v7e-m+fp/hard/crtbegin.o
 .text          0x0000000008000210       0x10 /home/studio3s/st/stm32cubeide_1.8.0_2/plugins/com.st.stm32cube.ide.mcu.externaltools.gnu-tools-for-stm32.10.3-2021.10.linux64_1.0.0.202111181127/tools/bin/../lib/gcc/arm-none-eabi/10.3.1/../../../../arm-none-eabi/lib/thumb/v7e-m+fp/hard/libc_nano.a(lib_a-strlen.o)
                0x0000000008000210                strlen
 .text          0x0000000008000220       0xa0 /home/studio3s/st/stm32cubeide_1.8.0_2/plugins/com.st.stm32cube.ide.mcu.externaltools.gnu-tools-for-stm32.10.3-2021.10.linux64_1.0.0.202111181127/tools/bin/../lib/gcc/arm-none-eabi/10.3.1/../../../../arm-none-eabi/lib/thumb/v7e-m+fp/hard/libc_nano.a(lib_a-memchr.o)
                0x0000000008000220                memchr
 .text          0x00000000080002c0      0x378 /home/studio3s/st/stm32cubeide_1.8.0_2/plugins/com.st.stm32cube.ide.mcu.externaltools.gnu-tools-for-stm32.10.3-2021.10.linux64_1.0.0.202111181127/tools/bin/../lib/gcc/arm-none-eabi/10.3.1/thumb/v7e-m+fp/hard/libgcc.a(_arm_addsubdf3.o)
                0x00000000080002c0                __aeabi_drsub
                0x00000000080002c8                __aeabi_dsub
                0x00000000080002c8                __subdf3
                0x00000000080002cc                __adddf3
                0x00000000080002cc                __aeabi_dadd
                0x0000000008000544                __aeabi_ui2d
                0x0000000008000544                __floatunsidf
                0x0000000008000564                __floatsidf
                0x0000000008000564                __aeabi_i2d
                0x0000000008000588                __extendsfdf2
                0x0000000008000588                __aeabi_f2d
                0x00000000080005cc                __aeabi_ul2d
                0x00000000080005cc                __floatundidf
                0x00000000080005dc                __floatdidf
                0x00000000080005dc                __aeabi_l2d
 .text          0x0000000008000638      0x424 /home/studio3s/st/stm32cubeide_1.8.0_2/plugins/com.st.stm32cube.ide.mcu.externaltools.gnu-tools-for-stm32.10.3-2021.10.linux64_1.0.0.202111181127/tools/bin/../lib/gcc/arm-none-eabi/10.3.1/thumb/v7e-m+fp/hard/libgcc.a(_arm_muldivdf3.o)
                0x0000000008000638                __aeabi_dmul
                0x0000000008000638                __muldf3
                0x000000000800088c                __aeabi_ddiv
                0x000000000800088c                __divdf3
 .text          0x0000000008000a5c      0x110 /home/studio3s/st/stm32cubeide_1.8.0_2/plugins/com.st.stm32cube.ide.mcu.externaltools.gnu-tools-for-stm32.10.3-2021.10.linux64_1.0.0.202111181127/tools/bin/../lib/gcc/arm-none-eabi/10.3.1/thumb/v7e-m+fp/hard/libgcc.a(_arm_cmpdf2.o)
                0x0000000008000a5c                __gtdf2
                0x0000000008000a5c                __gedf2
                0x0000000008000a64                __ltdf2
                0x0000000008000a64                __ledf2
                0x0000000008000a6c                __cmpdf2
                0x0000000008000a6c                __eqdf2
                0x0000000008000a6c                __nedf2
                0x0000000008000ae8                __aeabi_cdrcmple
                0x0000000008000af8                __aeabi_cdcmple
                0x0000000008000af8                __aeabi_cdcmpeq
                0x0000000008000b08                __aeabi_dcmpeq
                0x0000000008000b1c                __aeabi_dcmplt
                0x0000000008000b30                __aeabi_dcmple
                0x0000000008000b44                __aeabi_dcmpge
                0x0000000008000b58                __aeabi_dcmpgt
 .text          0x0000000008000b6c       0x2c /home/studio3s/st/stm32cubeide_1.8.0_2/plugins/com.st.stm32cube.ide.mcu.externaltools.gnu-tools-for-stm32.10.3-2021.10.linux64_1.0.0.202111181127/tools/bin/../lib/gcc/arm-none-eabi/10.3.1/thumb/v7e-m+fp/hard/libgcc.a(_arm_unorddf2.o)
                0x0000000008000b6c                __aeabi_dcmpun
                0x0000000008000b6c                __unorddf2
 .text          0x0000000008000b98       0x50 /home/studio3s/st/stm32cubeide_1.8.0_2/plugins/com.st.stm32cube.ide.mcu.externaltools.gnu-tools-for-stm32.10.3-2021.10.linux64_1.0.0.202111181127/tools/bin/../lib/gcc/arm-none-eabi/10.3.1/thumb/v7e-m+fp/hard/libgcc.a(_arm_fixdfsi.o)
                0x0000000008000b98                __fixdfsi
                0x0000000008000b98                __aeabi_d2iz
 .text          0x0000000008000be8       0x40 /home/studio3s/st/stm32cubeide_1.8.0_2/plugins/com.st.stm32cube.ide.mcu.externaltools.gnu-tools-for-stm32.10.3-2021.10.linux64_1.0.0.202111181127/tools/bin/../lib/gcc/arm-none-eabi/10.3.1/thumb/v7e-m+fp/hard/libgcc.a(_arm_fixunsdfsi.o)
                0x0000000008000be8                __fixunsdfsi
                0x0000000008000be8                __aeabi_d2uiz
 .text          0x0000000008000c28       0x30 /home/studio3s/st/stm32cubeide_1.8.0_2/plugins/com.st.stm32cube.ide.mcu.externaltools.gnu-tools-for-stm32.10.3-2021.10.linux64_1.0.0.202111181127/tools/bin/../lib/gcc/arm-none-eabi/10.3.1/thumb/v7e-m+fp/hard/libgcc.a(_aeabi_uldivmod.o)
                0x0000000008000c28                __aeabi_uldivmod
 .text          0x0000000008000c58      0x2d0 /home/studio3s/st/stm32cubeide_1.8.0_2/plugins/com.st.stm32cube.ide.mcu.externaltools.gnu-tools-for-stm32.10.3-2021.10.linux64_1.0.0.202111181127/tools/bin/../lib/gcc/arm-none-eabi/10.3.1/thumb/v7e-m+fp/hard/libgcc.a(_udivmoddi4.o)
                0x0000000008000c58                __udivmoddi4
 .text          0x0000000008000f28        0x4 /home/studio3s/st/stm32cubeide_1.8.0_2/plugins/com.st.stm32cube.ide.mcu.externaltools.gnu-tools-for-stm32.10.3-2021.10.linux64_1.0.0.202111181127/tools/bin/../lib/gcc/arm-none-eabi/10.3.1/thumb/v7e-m+fp/hard/libgcc.a(_dvmd_tls.o)
                0x0000000008000f28                __aeabi_ldiv0
                0x0000000008000f28                __aeabi_idiv0
 *(.text*)
 .text._Z6vprintPKcSt9__va_list
                0x0000000008000f2c       0x50 ./Core/Module/api_debug/api_debug.o
                0x0000000008000f2c                vprint(char const*, std::__va_list)
 .text._Z7DprintfPKcz
                0x0000000008000f7c       0x24 ./Core/Module/api_debug/api_debug.o
                0x0000000008000f7c                Dprintf(char const*, ...)
 .text.HAL_UART_RxCpltCallback
                0x0000000008000fa0       0x68 ./Core/Module/api_debug/api_debug.o
                0x0000000008000fa0                HAL_UART_RxCpltCallback
 .text._Z15Debug_Uart_Initv
                0x0000000008001008       0x2c ./Core/Module/api_debug/api_debug.o
                0x0000000008001008                Debug_Uart_Init()
 .text._Z10DebugDrivev
                0x0000000008001034       0xf8 ./Core/Module/api_debug/api_debug.o
                0x0000000008001034                DebugDrive()
 .text._Z41__static_initialization_and_destruction_0ii
                0x000000000800112c       0x48 ./Core/Module/api_debug/api_debug.o
 .text._GLOBAL__sub_I__Z6vprintPKcSt9__va_list
                0x0000000008001174       0x10 ./Core/Module/api_debug/api_debug.o
 .text._GLOBAL__sub_D__Z6vprintPKcSt9__va_list
                0x0000000008001184       0x10 ./Core/Module/api_debug/api_debug.o
 .text._ZN12CommonSensorC2EtbhP12GPIO_TypeDefm
                0x0000000008001194       0x5e ./Core/Module/common_sensor/common_sensor.o
                0x0000000008001194                CommonSensor::CommonSensor(unsigned short, bool, unsigned char, GPIO_TypeDef*, unsigned long)
                0x0000000008001194                CommonSensor::CommonSensor(unsigned short, bool, unsigned char, GPIO_TypeDef*, unsigned long)
 .text._ZN12CommonSensorD2Ev
                0x00000000080011f2       0x16 ./Core/Module/common_sensor/common_sensor.o
                0x00000000080011f2                CommonSensor::~CommonSensor()
                0x00000000080011f2                CommonSensor::~CommonSensor()
 .text._ZNK12CommonSensor13GetSensorDataEv
                0x0000000008001208       0x18 ./Core/Module/common_sensor/common_sensor.o
                0x0000000008001208                CommonSensor::GetSensorData() const
 .text._ZNK12CommonSensor14GetSensorIndexEv
                0x0000000008001220       0x18 ./Core/Module/common_sensor/common_sensor.o
                0x0000000008001220                CommonSensor::GetSensorIndex() const
 .text._ZN12CommonSensor16CheckSensorValueEv
                0x0000000008001238       0x60 ./Core/Module/common_sensor/common_sensor.o
                0x0000000008001238                CommonSensor::CheckSensorValue()
 .text._ZN12CommonSensor14IsInfoFilteredEv
                0x0000000008001298       0x26 ./Core/Module/common_sensor/common_sensor.o
                0x0000000008001298                CommonSensor::IsInfoFiltered()
 .text._ZN12CommonSensor13FilterCountUpEv
                0x00000000080012be       0x2c ./Core/Module/common_sensor/common_sensor.o
                0x00000000080012be                CommonSensor::FilterCountUp()
 .text._ZN12CommonSensor19FilterStatusChangedEv
                0x00000000080012ea       0x1a ./Core/Module/common_sensor/common_sensor.o
                0x00000000080012ea                CommonSensor::FilterStatusChanged()
 .text._ZN12CommonSensor5DriveEv
                0x0000000008001304       0x68 ./Core/Module/common_sensor/common_sensor.o
                0x0000000008001304                CommonSensor::Drive()
 .text._sbrk_r  0x000000000800136c       0xb8 ./Core/Module/ethernet/heap_useNewLib.o
                0x000000000800136c                _sbrk_r
 .text.__malloc_lock
                0x0000000008001424       0x56 ./Core/Module/ethernet/heap_useNewLib.o
                0x0000000008001424                __malloc_lock
 .text.__malloc_unlock
                0x000000000800147a       0x14 ./Core/Module/ethernet/heap_useNewLib.o
                0x000000000800147a                __malloc_unlock
 .text.pvPortMalloc
                0x000000000800148e       0x1c ./Core/Module/ethernet/heap_useNewLib.o
                0x000000000800148e                pvPortMalloc
 .text.vPortFree
                0x00000000080014aa       0x16 ./Core/Module/ethernet/heap_useNewLib.o
                0x00000000080014aa                vPortFree
 .text._ZL16TcpServerInitSeqv
                0x00000000080014c0       0x6c ./Core/Module/ethernet/tcp_rtos/tcp_rtos.o
 .text._ZL17TcpServerDriveSeqv
                0x000000000800152c       0xf4 ./Core/Module/ethernet/tcp_rtos/tcp_rtos.o
 .text._ZL15TcpServerThreadPv
                0x0000000008001620       0x18 ./Core/Module/ethernet/tcp_rtos/tcp_rtos.o
 .text._Z13TcpServerInitv
                0x0000000008001638       0x28 ./Core/Module/ethernet/tcp_rtos/tcp_rtos.o
                0x0000000008001638                TcpServerInit()
 .text._Z7udpsendPc
                0x0000000008001660       0x54 ./Core/Module/ethernet/udp_rtos/udp_rtos.o
                0x0000000008001660                udpsend(char*)
 .text._ZL15UdpClientThreadPv
                0x00000000080016b4       0xe8 ./Core/Module/ethernet/udp_rtos/udp_rtos.o
 .text._Z13UdpClientInitv
                0x000000000800179c       0x28 ./Core/Module/ethernet/udp_rtos/udp_rtos.o
                0x000000000800179c                UdpClientInit()
 .text.init_stm32f746
                0x00000000080017c4       0x2c ./Core/Module/init_stm32f7/api_init.o
                0x00000000080017c4                init_stm32f746
 .text.SystemClock_Config
                0x00000000080017f0       0xf8 ./Core/Module/init_stm32f7/api_init.o
                0x00000000080017f0                SystemClock_Config
 .text.MX_CAN1_Init
                0x00000000080018e8       0xd4 ./Core/Module/init_stm32f7/api_init.o
                0x00000000080018e8                MX_CAN1_Init
 .text.MX_TIM7_Init
                0x00000000080019bc       0x80 ./Core/Module/init_stm32f7/api_init.o
                0x00000000080019bc                MX_TIM7_Init
 .text.MX_UART4_Init
                0x0000000008001a3c       0x68 ./Core/Module/init_stm32f7/api_init.o
                0x0000000008001a3c                MX_UART4_Init
 .text.MX_UART5_Init
                0x0000000008001aa4       0x6c ./Core/Module/init_stm32f7/api_init.o
                0x0000000008001aa4                MX_UART5_Init
 .text.MX_USART1_UART_Init
                0x0000000008001b10       0x68 ./Core/Module/init_stm32f7/api_init.o
                0x0000000008001b10                MX_USART1_UART_Init
 .text.MX_USART3_UART_Init
                0x0000000008001b78       0x68 ./Core/Module/init_stm32f7/api_init.o
                0x0000000008001b78                MX_USART3_UART_Init
 .text.MX_USART6_UART_Init
                0x0000000008001be0       0x6c ./Core/Module/init_stm32f7/api_init.o
                0x0000000008001be0                MX_USART6_UART_Init
 .text.MX_FMC_Init
                0x0000000008001c4c       0xd0 ./Core/Module/init_stm32f7/api_init.o
                0x0000000008001c4c                MX_FMC_Init
 .text.MX_GPIO_Init
                0x0000000008001d1c      0x1dc ./Core/Module/init_stm32f7/api_init.o
                0x0000000008001d1c                MX_GPIO_Init
 .text.HAL_TIM_PeriodElapsedCallback
                0x0000000008001ef8       0x24 ./Core/Module/init_stm32f7/api_init.o
                0x0000000008001ef8                HAL_TIM_PeriodElapsedCallback
 .text.Error_Handler
                0x0000000008001f1c        0xa ./Core/Module/init_stm32f7/api_init.o
                0x0000000008001f1c                Error_Handler
 .text._ZnwjPv  0x0000000008001f26       0x18 ./Core/Module/lift_motor/bg95.o
                0x0000000008001f26                operator new(unsigned int, void*)
 .text._ZNSt12_Vector_baseI21CANData_HandleTypeDefSaIS0_EE12_Vector_implD2Ev
                0x0000000008001f3e       0x18 ./Core/Module/lift_motor/bg95.o
                0x0000000008001f3e                std::_Vector_base<CANData_HandleTypeDef, std::allocator<CANData_HandleTypeDef> >::_Vector_impl::~_Vector_impl()
                0x0000000008001f3e                std::_Vector_base<CANData_HandleTypeDef, std::allocator<CANData_HandleTypeDef> >::_Vector_impl::~_Vector_impl()
 .text._ZNSt12_Vector_baseI21CANData_HandleTypeDefSaIS0_EEC2Ev
                0x0000000008001f56       0x1a ./Core/Module/lift_motor/bg95.o
                0x0000000008001f56                std::_Vector_base<CANData_HandleTypeDef, std::allocator<CANData_HandleTypeDef> >::_Vector_base()
                0x0000000008001f56                std::_Vector_base<CANData_HandleTypeDef, std::allocator<CANData_HandleTypeDef> >::_Vector_base()
 .text._ZNSt6vectorI21CANData_HandleTypeDefSaIS0_EEC2Ev
                0x0000000008001f70       0x1a ./Core/Module/lift_motor/bg95.o
                0x0000000008001f70                std::vector<CANData_HandleTypeDef, std::allocator<CANData_HandleTypeDef> >::vector()
                0x0000000008001f70                std::vector<CANData_HandleTypeDef, std::allocator<CANData_HandleTypeDef> >::vector()
 *fill*         0x0000000008001f8a        0x2 
 .text._ZN4BG95C2EP19__CAN_HandleTypeDef
                0x0000000008001f8c       0x58 ./Core/Module/lift_motor/bg95.o
                0x0000000008001f8c                BG95::BG95(__CAN_HandleTypeDef*)
                0x0000000008001f8c                BG95::BG95(__CAN_HandleTypeDef*)
 .text._ZN4BG95D2Ev
                0x0000000008001fe4       0x2c ./Core/Module/lift_motor/bg95.o
                0x0000000008001fe4                BG95::~BG95()
                0x0000000008001fe4                BG95::~BG95()
 .text._ZN4BG95D0Ev
                0x0000000008002010       0x20 ./Core/Module/lift_motor/bg95.o
                0x0000000008002010                BG95::~BG95()
 .text._ZN4BG9519TransmitSendRequestEv
                0x0000000008002030       0x8c ./Core/Module/lift_motor/bg95.o
                0x0000000008002030                BG95::TransmitSendRequest()
 .text._ZN4BG9523TransmitReceiveResponseEv
                0x00000000080020bc       0x94 ./Core/Module/lift_motor/bg95.o
                0x00000000080020bc                BG95::TransmitReceiveResponse()
 .text._ZN4BG9516QueueSaveRequestE21CANData_HandleTypeDef
                0x0000000008002150       0x30 ./Core/Module/lift_motor/bg95.o
                0x0000000008002150                BG95::QueueSaveRequest(CANData_HandleTypeDef)
 .text._ZN4BG9518QueueDeleteRequestEv
                0x0000000008002180       0x52 ./Core/Module/lift_motor/bg95.o
                0x0000000008002180                BG95::QueueDeleteRequest()
 .text._ZN4BG9522HAL_CAN_InitializationEv
                0x00000000080021d2       0x30 ./Core/Module/lift_motor/bg95.o
                0x00000000080021d2                BG95::HAL_CAN_Initialization()
 .text._ZN4BG9524HAL_CAN_DeInitializationEv
                0x0000000008002202       0x1e ./Core/Module/lift_motor/bg95.o
                0x0000000008002202                BG95::HAL_CAN_DeInitialization()
 .text._ZN4BG959DriveInitEv
                0x0000000008002220       0x26 ./Core/Module/lift_motor/bg95.o
                0x0000000008002220                BG95::DriveInit()
 .text._ZN4BG959DriveCommEv
                0x0000000008002246       0x40 ./Core/Module/lift_motor/bg95.o
                0x0000000008002246                BG95::DriveComm()
 .text._ZN4BG9513DriveAnalysisEv
                0x0000000008002286       0x16 ./Core/Module/lift_motor/bg95.o
                0x0000000008002286                BG95::DriveAnalysis()
 .text._ZN4BG9514InitializationEv
                0x000000000800229c       0x16 ./Core/Module/lift_motor/bg95.o
                0x000000000800229c                BG95::Initialization()
 .text._ZN4BG955DriveEv
                0x00000000080022b2       0x22 ./Core/Module/lift_motor/bg95.o
                0x00000000080022b2                BG95::Drive()
 .text._ZN21CANData_HandleTypeDefC2Ev
                0x00000000080022d4       0x2a ./Core/Module/lift_motor/bg95.o
                0x00000000080022d4                CANData_HandleTypeDef::CANData_HandleTypeDef()
                0x00000000080022d4                CANData_HandleTypeDef::CANData_HandleTypeDef()
 .text._ZN4BG9516WriteDataEnqueueEiii
                0x00000000080022fe       0x96 ./Core/Module/lift_motor/bg95.o
                0x00000000080022fe                BG95::WriteDataEnqueue(int, int, int)
 .text._ZN4BG9515ReadDataEnqueueEiii
                0x0000000008002394       0x96 ./Core/Module/lift_motor/bg95.o
                0x0000000008002394                BG95::ReadDataEnqueue(int, int, int)
 .text._ZN4BG9518SetPositionCommandEv
                0x000000000800242a       0x4c ./Core/Module/lift_motor/bg95.o
                0x000000000800242a                BG95::SetPositionCommand()
 .text._ZN4BG9518ReadSchduleCommandEv
                0x0000000008002476       0x48 ./Core/Module/lift_motor/bg95.o
                0x0000000008002476                BG95::ReadSchduleCommand()
 .text._ZNSt6vectorI21CANData_HandleTypeDefSaIS0_EE5beginEv
                0x00000000080024be       0x20 ./Core/Module/lift_motor/bg95.o
                0x00000000080024be                std::vector<CANData_HandleTypeDef, std::allocator<CANData_HandleTypeDef> >::begin()
 .text._ZNSt12_Vector_baseI21CANData_HandleTypeDefSaIS0_EE12_Vector_implC2Ev
                0x00000000080024de       0x20 ./Core/Module/lift_motor/bg95.o
                0x00000000080024de                std::_Vector_base<CANData_HandleTypeDef, std::allocator<CANData_HandleTypeDef> >::_Vector_impl::_Vector_impl()
                0x00000000080024de                std::_Vector_base<CANData_HandleTypeDef, std::allocator<CANData_HandleTypeDef> >::_Vector_impl::_Vector_impl()
 .text._ZNSaI21CANData_HandleTypeDefED2Ev
                0x00000000080024fe       0x18 ./Core/Module/lift_motor/bg95.o
                0x00000000080024fe                std::allocator<CANData_HandleTypeDef>::~allocator()
                0x00000000080024fe                std::allocator<CANData_HandleTypeDef>::~allocator()
 *fill*         0x0000000008002516        0x2 
 .text._ZNSt12_Vector_baseI21CANData_HandleTypeDefSaIS0_EED2Ev
                0x0000000008002518       0x3c ./Core/Module/lift_motor/bg95.o
                0x0000000008002518                std::_Vector_base<CANData_HandleTypeDef, std::allocator<CANData_HandleTypeDef> >::~_Vector_base()
                0x0000000008002518                std::_Vector_base<CANData_HandleTypeDef, std::allocator<CANData_HandleTypeDef> >::~_Vector_base()
 .text._ZNSt6vectorI21CANData_HandleTypeDefSaIS0_EED2Ev
                0x0000000008002554       0x36 ./Core/Module/lift_motor/bg95.o
                0x0000000008002554                std::vector<CANData_HandleTypeDef, std::allocator<CANData_HandleTypeDef> >::~vector()
                0x0000000008002554                std::vector<CANData_HandleTypeDef, std::allocator<CANData_HandleTypeDef> >::~vector()
 .text._ZNSt6vectorI21CANData_HandleTypeDefSaIS0_EE5frontEv
                0x000000000800258a       0x26 ./Core/Module/lift_motor/bg95.o
                0x000000000800258a                std::vector<CANData_HandleTypeDef, std::allocator<CANData_HandleTypeDef> >::front()
 .text._ZSt4copyIPhS0_ET0_T_S2_S1_
                0x00000000080025b0       0x30 ./Core/Module/lift_motor/bg95.o
                0x00000000080025b0                unsigned char* std::copy<unsigned char*, unsigned char*>(unsigned char*, unsigned char*, unsigned char*)
 .text._ZN9__gnu_cxx17__normal_iteratorIPK21CANData_HandleTypeDefSt6vectorIS1_SaIS1_EEEC2IPS1_EERKNS0_IT_NS_11__enable_ifIXsrSt10__are_sameISA_S9_E7__valueES6_E6__typeEEE
                0x00000000080025e0       0x22 ./Core/Module/lift_motor/bg95.o
                0x00000000080025e0                __gnu_cxx::__normal_iterator<CANData_HandleTypeDef const*, std::vector<CANData_HandleTypeDef, std::allocator<CANData_HandleTypeDef> > >::__normal_iterator<CANData_HandleTypeDef*>(__gnu_cxx::__normal_iterator<CANData_HandleTypeDef*, __gnu_cxx::__enable_if<std::__are_same<CANData_HandleTypeDef*, CANData_HandleTypeDef*>::__value, std::vector<CANData_HandleTypeDef, std::allocator<CANData_HandleTypeDef> > >::__type> const&)
                0x00000000080025e0                __gnu_cxx::__normal_iterator<CANData_HandleTypeDef const*, std::vector<CANData_HandleTypeDef, std::allocator<CANData_HandleTypeDef> > >::__normal_iterator<CANData_HandleTypeDef*>(__gnu_cxx::__normal_iterator<CANData_HandleTypeDef*, __gnu_cxx::__enable_if<std::__are_same<CANData_HandleTypeDef*, CANData_HandleTypeDef*>::__value, std::vector<CANData_HandleTypeDef, std::allocator<CANData_HandleTypeDef> > >::__type> const&)
 .text._ZNSt6vectorI21CANData_HandleTypeDefSaIS0_EE9push_backERKS0_
                0x0000000008002602       0x4c ./Core/Module/lift_motor/bg95.o
                0x0000000008002602                std::vector<CANData_HandleTypeDef, std::allocator<CANData_HandleTypeDef> >::push_back(CANData_HandleTypeDef const&)
 .text._ZNKSt6vectorI21CANData_HandleTypeDefSaIS0_EE5emptyEv
                0x000000000800264e       0x36 ./Core/Module/lift_motor/bg95.o
                0x000000000800264e                std::vector<CANData_HandleTypeDef, std::allocator<CANData_HandleTypeDef> >::empty() const
 .text._ZNSt6vectorI21CANData_HandleTypeDefSaIS0_EE5eraseEN9__gnu_cxx17__normal_iteratorIPKS0_S2_EE
                0x0000000008002684       0x4e ./Core/Module/lift_motor/bg95.o
                0x0000000008002684                std::vector<CANData_HandleTypeDef, std::allocator<CANData_HandleTypeDef> >::erase(__gnu_cxx::__normal_iterator<CANData_HandleTypeDef const*, std::vector<CANData_HandleTypeDef, std::allocator<CANData_HandleTypeDef> > >)
 .text._ZN9__gnu_cxx17__normal_iteratorIP21CANData_HandleTypeDefSt6vectorIS1_SaIS1_EEEC2ERKS2_
                0x00000000080026d2       0x20 ./Core/Module/lift_motor/bg95.o
                0x00000000080026d2                __gnu_cxx::__normal_iterator<CANData_HandleTypeDef*, std::vector<CANData_HandleTypeDef, std::allocator<CANData_HandleTypeDef> > >::__normal_iterator(CANData_HandleTypeDef* const&)
                0x00000000080026d2                __gnu_cxx::__normal_iterator<CANData_HandleTypeDef*, std::vector<CANData_HandleTypeDef, std::allocator<CANData_HandleTypeDef> > >::__normal_iterator(CANData_HandleTypeDef* const&)
 .text._ZNSaI21CANData_HandleTypeDefEC2Ev
                0x00000000080026f2       0x18 ./Core/Module/lift_motor/bg95.o
                0x00000000080026f2                std::allocator<CANData_HandleTypeDef>::allocator()
                0x00000000080026f2                std::allocator<CANData_HandleTypeDef>::allocator()
 .text._ZNSt12_Vector_baseI21CANData_HandleTypeDefSaIS0_EE17_Vector_impl_dataC2Ev
                0x000000000800270a       0x28 ./Core/Module/lift_motor/bg95.o
                0x000000000800270a                std::_Vector_base<CANData_HandleTypeDef, std::allocator<CANData_HandleTypeDef> >::_Vector_impl_data::_Vector_impl_data()
                0x000000000800270a                std::_Vector_base<CANData_HandleTypeDef, std::allocator<CANData_HandleTypeDef> >::_Vector_impl_data::_Vector_impl_data()
 .text._ZN9__gnu_cxx13new_allocatorI21CANData_HandleTypeDefED2Ev
                0x0000000008002732       0x16 ./Core/Module/lift_motor/bg95.o
                0x0000000008002732                __gnu_cxx::new_allocator<CANData_HandleTypeDef>::~new_allocator()
                0x0000000008002732                __gnu_cxx::new_allocator<CANData_HandleTypeDef>::~new_allocator()
 .text._ZNSt12_Vector_baseI21CANData_HandleTypeDefSaIS0_EE13_M_deallocateEPS0_j
                0x0000000008002748       0x26 ./Core/Module/lift_motor/bg95.o
                0x0000000008002748                std::_Vector_base<CANData_HandleTypeDef, std::allocator<CANData_HandleTypeDef> >::_M_deallocate(CANData_HandleTypeDef*, unsigned int)
 .text._ZNSt12_Vector_baseI21CANData_HandleTypeDefSaIS0_EE19_M_get_Tp_allocatorEv
                0x000000000800276e       0x16 ./Core/Module/lift_motor/bg95.o
                0x000000000800276e                std::_Vector_base<CANData_HandleTypeDef, std::allocator<CANData_HandleTypeDef> >::_M_get_Tp_allocator()
 .text._ZSt8_DestroyIP21CANData_HandleTypeDefS0_EvT_S2_RSaIT0_E
                0x0000000008002784       0x1c ./Core/Module/lift_motor/bg95.o
                0x0000000008002784                void std::_Destroy<CANData_HandleTypeDef*, CANData_HandleTypeDef>(CANData_HandleTypeDef*, CANData_HandleTypeDef*, std::allocator<CANData_HandleTypeDef>&)
 .text._ZNK9__gnu_cxx17__normal_iteratorIP21CANData_HandleTypeDefSt6vectorIS1_SaIS1_EEEdeEv
                0x00000000080027a0       0x18 ./Core/Module/lift_motor/bg95.o
                0x00000000080027a0                __gnu_cxx::__normal_iterator<CANData_HandleTypeDef*, std::vector<CANData_HandleTypeDef, std::allocator<CANData_HandleTypeDef> > >::operator*() const
 .text._ZSt12__miter_baseIPhET_S1_
                0x00000000080027b8       0x16 ./Core/Module/lift_motor/bg95.o
                0x00000000080027b8                unsigned char* std::__miter_base<unsigned char*>(unsigned char*)
 .text._ZSt13__copy_move_aILb0EPhS0_ET1_T0_S2_S1_
                0x00000000080027ce       0x46 ./Core/Module/lift_motor/bg95.o
                0x00000000080027ce                unsigned char* std::__copy_move_a<false, unsigned char*, unsigned char*>(unsigned char*, unsigned char*, unsigned char*)
 .text._ZNK9__gnu_cxx17__normal_iteratorIP21CANData_HandleTypeDefSt6vectorIS1_SaIS1_EEE4baseEv
                0x0000000008002814       0x16 ./Core/Module/lift_motor/bg95.o
                0x0000000008002814                __gnu_cxx::__normal_iterator<CANData_HandleTypeDef*, std::vector<CANData_HandleTypeDef, std::allocator<CANData_HandleTypeDef> > >::base() const
 .text._ZNSt6vectorI21CANData_HandleTypeDefSaIS0_EE3endEv
                0x000000000800282a       0x22 ./Core/Module/lift_motor/bg95.o
                0x000000000800282a                std::vector<CANData_HandleTypeDef, std::allocator<CANData_HandleTypeDef> >::end()
 .text._ZNSt16allocator_traitsISaI21CANData_HandleTypeDefEE9constructIS0_JRKS0_EEEvRS1_PT_DpOT0_
                0x000000000800284c       0x26 ./Core/Module/lift_motor/bg95.o
                0x000000000800284c                void std::allocator_traits<std::allocator<CANData_HandleTypeDef> >::construct<CANData_HandleTypeDef, CANData_HandleTypeDef const&>(std::allocator<CANData_HandleTypeDef>&, CANData_HandleTypeDef*, CANData_HandleTypeDef const&)
 .text._ZNKSt6vectorI21CANData_HandleTypeDefSaIS0_EE6cbeginEv
                0x0000000008002872       0x20 ./Core/Module/lift_motor/bg95.o
                0x0000000008002872                std::vector<CANData_HandleTypeDef, std::allocator<CANData_HandleTypeDef> >::cbegin() const
 *fill*         0x0000000008002892        0x2 
 .text._ZN9__gnu_cxxmiIPK21CANData_HandleTypeDefSt6vectorIS1_SaIS1_EEEENS_17__normal_iteratorIT_T0_E15difference_typeERKSA_SD_
                0x0000000008002894       0x34 ./Core/Module/lift_motor/bg95.o
                0x0000000008002894                __gnu_cxx::__normal_iterator<CANData_HandleTypeDef const*, std::vector<CANData_HandleTypeDef, std::allocator<CANData_HandleTypeDef> > >::difference_type __gnu_cxx::operator-<CANData_HandleTypeDef const*, std::vector<CANData_HandleTypeDef, std::allocator<CANData_HandleTypeDef> > >(__gnu_cxx::__normal_iterator<CANData_HandleTypeDef const*, std::vector<CANData_HandleTypeDef, std::allocator<CANData_HandleTypeDef> > > const&, __gnu_cxx::__normal_iterator<CANData_HandleTypeDef const*, std::vector<CANData_HandleTypeDef, std::allocator<CANData_HandleTypeDef> > > const&)
 .text._ZNK9__gnu_cxx17__normal_iteratorIP21CANData_HandleTypeDefSt6vectorIS1_SaIS1_EEEplEi
                0x00000000080028c8       0x36 ./Core/Module/lift_motor/bg95.o
                0x00000000080028c8                __gnu_cxx::__normal_iterator<CANData_HandleTypeDef*, std::vector<CANData_HandleTypeDef, std::allocator<CANData_HandleTypeDef> > >::operator+(int) const
 .text._ZSt4moveIR21CANData_HandleTypeDefEONSt16remove_referenceIT_E4typeEOS3_
                0x00000000080028fe       0x16 ./Core/Module/lift_motor/bg95.o
                0x00000000080028fe                std::remove_reference<CANData_HandleTypeDef&>::type&& std::move<CANData_HandleTypeDef&>(CANData_HandleTypeDef&)
 .text._ZNSt6vectorI21CANData_HandleTypeDefSaIS0_EE15_S_use_relocateEv
                0x0000000008002914       0x16 ./Core/Module/lift_motor/bg95.o
                0x0000000008002914                std::vector<CANData_HandleTypeDef, std::allocator<CANData_HandleTypeDef> >::_S_use_relocate()
 .text._ZNSt6vectorI21CANData_HandleTypeDefSaIS0_EE19_S_nothrow_relocateESt17integral_constantIbLb1EE
                0x000000000800292a       0x16 ./Core/Module/lift_motor/bg95.o
                0x000000000800292a                std::vector<CANData_HandleTypeDef, std::allocator<CANData_HandleTypeDef> >::_S_nothrow_relocate(std::integral_constant<bool, true>)
 .text._ZNSt6vectorI21CANData_HandleTypeDefSaIS0_EE17_M_realloc_insertIJRKS0_EEEvN9__gnu_cxx17__normal_iteratorIPS0_S2_EEDpOT_
                0x0000000008002940      0x190 ./Core/Module/lift_motor/bg95.o
                0x0000000008002940                void std::vector<CANData_HandleTypeDef, std::allocator<CANData_HandleTypeDef> >::_M_realloc_insert<CANData_HandleTypeDef const&>(__gnu_cxx::__normal_iterator<CANData_HandleTypeDef*, std::vector<CANData_HandleTypeDef, std::allocator<CANData_HandleTypeDef> > >, CANData_HandleTypeDef const&)
 .text._ZNKSt6vectorI21CANData_HandleTypeDefSaIS0_EE5beginEv
                0x0000000008002ad0       0x20 ./Core/Module/lift_motor/bg95.o
                0x0000000008002ad0                std::vector<CANData_HandleTypeDef, std::allocator<CANData_HandleTypeDef> >::begin() const
 .text._ZNKSt6vectorI21CANData_HandleTypeDefSaIS0_EE3endEv
                0x0000000008002af0       0x22 ./Core/Module/lift_motor/bg95.o
                0x0000000008002af0                std::vector<CANData_HandleTypeDef, std::allocator<CANData_HandleTypeDef> >::end() const
 .text._ZN9__gnu_cxxeqIPK21CANData_HandleTypeDefSt6vectorIS1_SaIS1_EEEEbRKNS_17__normal_iteratorIT_T0_EESC_
                0x0000000008002b12       0x30 ./Core/Module/lift_motor/bg95.o
                0x0000000008002b12                bool __gnu_cxx::operator==<CANData_HandleTypeDef const*, std::vector<CANData_HandleTypeDef, std::allocator<CANData_HandleTypeDef> > >(__gnu_cxx::__normal_iterator<CANData_HandleTypeDef const*, std::vector<CANData_HandleTypeDef, std::allocator<CANData_HandleTypeDef> > > const&, __gnu_cxx::__normal_iterator<CANData_HandleTypeDef const*, std::vector<CANData_HandleTypeDef, std::allocator<CANData_HandleTypeDef> > > const&)
 .text._ZNSt6vectorI21CANData_HandleTypeDefSaIS0_EE8_M_eraseEN9__gnu_cxx17__normal_iteratorIPS0_S2_EE
                0x0000000008002b42       0x7a ./Core/Module/lift_motor/bg95.o
                0x0000000008002b42                std::vector<CANData_HandleTypeDef, std::allocator<CANData_HandleTypeDef> >::_M_erase(__gnu_cxx::__normal_iterator<CANData_HandleTypeDef*, std::vector<CANData_HandleTypeDef, std::allocator<CANData_HandleTypeDef> > >)
 .text._ZN9__gnu_cxx13new_allocatorI21CANData_HandleTypeDefEC2Ev
                0x0000000008002bbc       0x16 ./Core/Module/lift_motor/bg95.o
                0x0000000008002bbc                __gnu_cxx::new_allocator<CANData_HandleTypeDef>::new_allocator()
                0x0000000008002bbc                __gnu_cxx::new_allocator<CANData_HandleTypeDef>::new_allocator()
 .text._ZNSt16allocator_traitsISaI21CANData_HandleTypeDefEE10deallocateERS1_PS0_j
                0x0000000008002bd2       0x1e ./Core/Module/lift_motor/bg95.o
                0x0000000008002bd2                std::allocator_traits<std::allocator<CANData_HandleTypeDef> >::deallocate(std::allocator<CANData_HandleTypeDef>&, CANData_HandleTypeDef*, unsigned int)
 .text._ZSt8_DestroyIP21CANData_HandleTypeDefEvT_S2_
                0x0000000008002bf0       0x1a ./Core/Module/lift_motor/bg95.o
                0x0000000008002bf0                void std::_Destroy<CANData_HandleTypeDef*>(CANData_HandleTypeDef*, CANData_HandleTypeDef*)
 .text._ZSt12__niter_baseIPhET_S1_
                0x0000000008002c0a       0x16 ./Core/Module/lift_motor/bg95.o
                0x0000000008002c0a                unsigned char* std::__niter_base<unsigned char*>(unsigned char*)
 .text._ZSt14__copy_move_a1ILb0EPhS0_ET1_T0_S2_S1_
                0x0000000008002c20       0x20 ./Core/Module/lift_motor/bg95.o
                0x0000000008002c20                unsigned char* std::__copy_move_a1<false, unsigned char*, unsigned char*>(unsigned char*, unsigned char*, unsigned char*)
 .text._ZSt12__niter_wrapIPhET_RKS1_S1_
                0x0000000008002c40       0x18 ./Core/Module/lift_motor/bg95.o
                0x0000000008002c40                unsigned char* std::__niter_wrap<unsigned char*>(unsigned char* const&, unsigned char*)
 .text._ZNK9__gnu_cxx17__normal_iteratorIPK21CANData_HandleTypeDefSt6vectorIS1_SaIS1_EEE4baseEv
                0x0000000008002c58       0x16 ./Core/Module/lift_motor/bg95.o
                0x0000000008002c58                __gnu_cxx::__normal_iterator<CANData_HandleTypeDef const*, std::vector<CANData_HandleTypeDef, std::allocator<CANData_HandleTypeDef> > >::base() const
 .text._ZSt7forwardIRK21CANData_HandleTypeDefEOT_RNSt16remove_referenceIS3_E4typeE
                0x0000000008002c6e       0x16 ./Core/Module/lift_motor/bg95.o
                0x0000000008002c6e                CANData_HandleTypeDef const& std::forward<CANData_HandleTypeDef const&>(std::remove_reference<CANData_HandleTypeDef const&>::type&)
 .text._ZN9__gnu_cxx13new_allocatorI21CANData_HandleTypeDefE9constructIS1_JRKS1_EEEvPT_DpOT0_
                0x0000000008002c84       0x36 ./Core/Module/lift_motor/bg95.o
                0x0000000008002c84                void __gnu_cxx::new_allocator<CANData_HandleTypeDef>::construct<CANData_HandleTypeDef, CANData_HandleTypeDef const&>(CANData_HandleTypeDef*, CANData_HandleTypeDef const&)
 .text._ZN9__gnu_cxx17__normal_iteratorIPK21CANData_HandleTypeDefSt6vectorIS1_SaIS1_EEEC2ERKS3_
                0x0000000008002cba       0x20 ./Core/Module/lift_motor/bg95.o
                0x0000000008002cba                __gnu_cxx::__normal_iterator<CANData_HandleTypeDef const*, std::vector<CANData_HandleTypeDef, std::allocator<CANData_HandleTypeDef> > >::__normal_iterator(CANData_HandleTypeDef const* const&)
                0x0000000008002cba                __gnu_cxx::__normal_iterator<CANData_HandleTypeDef const*, std::vector<CANData_HandleTypeDef, std::allocator<CANData_HandleTypeDef> > >::__normal_iterator(CANData_HandleTypeDef const* const&)
 .text._ZNSt16allocator_traitsISaI21CANData_HandleTypeDefEE7destroyIS0_EEvRS1_PT_
                0x0000000008002cda       0x1a ./Core/Module/lift_motor/bg95.o
                0x0000000008002cda                void std::allocator_traits<std::allocator<CANData_HandleTypeDef> >::destroy<CANData_HandleTypeDef>(std::allocator<CANData_HandleTypeDef>&, CANData_HandleTypeDef*)
 .text._ZNSt16allocator_traitsISaI21CANData_HandleTypeDefEE9constructIS0_JS0_EEEvRS1_PT_DpOT0_
                0x0000000008002cf4       0x26 ./Core/Module/lift_motor/bg95.o
                0x0000000008002cf4                void std::allocator_traits<std::allocator<CANData_HandleTypeDef> >::construct<CANData_HandleTypeDef, CANData_HandleTypeDef>(std::allocator<CANData_HandleTypeDef>&, CANData_HandleTypeDef*, CANData_HandleTypeDef&&)
 .text._ZSt7forwardI21CANData_HandleTypeDefEOT_RNSt16remove_referenceIS1_E4typeE
                0x0000000008002d1a       0x16 ./Core/Module/lift_motor/bg95.o
                0x0000000008002d1a                CANData_HandleTypeDef&& std::forward<CANData_HandleTypeDef>(std::remove_reference<CANData_HandleTypeDef>::type&)
 .text._ZNKSt6vectorI21CANData_HandleTypeDefSaIS0_EE12_M_check_lenEjPKc
                0x0000000008002d30       0x8e ./Core/Module/lift_motor/bg95.o
                0x0000000008002d30                std::vector<CANData_HandleTypeDef, std::allocator<CANData_HandleTypeDef> >::_M_check_len(unsigned int, char const*) const
 *fill*         0x0000000008002dbe        0x2 
 .text._ZN9__gnu_cxxmiIP21CANData_HandleTypeDefSt6vectorIS1_SaIS1_EEEENS_17__normal_iteratorIT_T0_E15difference_typeERKS9_SC_
                0x0000000008002dc0       0x34 ./Core/Module/lift_motor/bg95.o
                0x0000000008002dc0                __gnu_cxx::__normal_iterator<CANData_HandleTypeDef*, std::vector<CANData_HandleTypeDef, std::allocator<CANData_HandleTypeDef> > >::difference_type __gnu_cxx::operator-<CANData_HandleTypeDef*, std::vector<CANData_HandleTypeDef, std::allocator<CANData_HandleTypeDef> > >(__gnu_cxx::__normal_iterator<CANData_HandleTypeDef*, std::vector<CANData_HandleTypeDef, std::allocator<CANData_HandleTypeDef> > > const&, __gnu_cxx::__normal_iterator<CANData_HandleTypeDef*, std::vector<CANData_HandleTypeDef, std::allocator<CANData_HandleTypeDef> > > const&)
 .text._ZNSt12_Vector_baseI21CANData_HandleTypeDefSaIS0_EE11_M_allocateEj
                0x0000000008002df4       0x28 ./Core/Module/lift_motor/bg95.o
                0x0000000008002df4                std::_Vector_base<CANData_HandleTypeDef, std::allocator<CANData_HandleTypeDef> >::_M_allocate(unsigned int)
 .text._ZNSt6vectorI21CANData_HandleTypeDefSaIS0_EE11_S_relocateEPS0_S3_S3_RS1_
                0x0000000008002e1c       0x28 ./Core/Module/lift_motor/bg95.o
                0x0000000008002e1c                std::vector<CANData_HandleTypeDef, std::allocator<CANData_HandleTypeDef> >::_S_relocate(CANData_HandleTypeDef*, CANData_HandleTypeDef*, CANData_HandleTypeDef*, std::allocator<CANData_HandleTypeDef>&)
 .text._ZSt34__uninitialized_move_if_noexcept_aIP21CANData_HandleTypeDefS1_SaIS0_EET0_T_S4_S3_RT1_
                0x0000000008002e44       0x32 ./Core/Module/lift_motor/bg95.o
                0x0000000008002e44                CANData_HandleTypeDef* std::__uninitialized_move_if_noexcept_a<CANData_HandleTypeDef*, CANData_HandleTypeDef*, std::allocator<CANData_HandleTypeDef> >(CANData_HandleTypeDef*, CANData_HandleTypeDef*, CANData_HandleTypeDef*, std::allocator<CANData_HandleTypeDef>&)
 .text._ZN9__gnu_cxxneIP21CANData_HandleTypeDefSt6vectorIS1_SaIS1_EEEEbRKNS_17__normal_iteratorIT_T0_EESB_
                0x0000000008002e76       0x30 ./Core/Module/lift_motor/bg95.o
                0x0000000008002e76                bool __gnu_cxx::operator!=<CANData_HandleTypeDef*, std::vector<CANData_HandleTypeDef, std::allocator<CANData_HandleTypeDef> > >(__gnu_cxx::__normal_iterator<CANData_HandleTypeDef*, std::vector<CANData_HandleTypeDef, std::allocator<CANData_HandleTypeDef> > > const&, __gnu_cxx::__normal_iterator<CANData_HandleTypeDef*, std::vector<CANData_HandleTypeDef, std::allocator<CANData_HandleTypeDef> > > const&)
 .text._ZSt4moveIN9__gnu_cxx17__normal_iteratorIP21CANData_HandleTypeDefSt6vectorIS2_SaIS2_EEEES7_ET0_T_S9_S8_
                0x0000000008002ea6       0x30 ./Core/Module/lift_motor/bg95.o
                0x0000000008002ea6                __gnu_cxx::__normal_iterator<CANData_HandleTypeDef*, std::vector<CANData_HandleTypeDef, std::allocator<CANData_HandleTypeDef> > > std::move<__gnu_cxx::__normal_iterator<CANData_HandleTypeDef*, std::vector<CANData_HandleTypeDef, std::allocator<CANData_HandleTypeDef> > >, __gnu_cxx::__normal_iterator<CANData_HandleTypeDef*, std::vector<CANData_HandleTypeDef, std::allocator<CANData_HandleTypeDef> > > >(__gnu_cxx::__normal_iterator<CANData_HandleTypeDef*, std::vector<CANData_HandleTypeDef, std::allocator<CANData_HandleTypeDef> > >, __gnu_cxx::__normal_iterator<CANData_HandleTypeDef*, std::vector<CANData_HandleTypeDef, std::allocator<CANData_HandleTypeDef> > >, __gnu_cxx::__normal_iterator<CANData_HandleTypeDef*, std::vector<CANData_HandleTypeDef, std::allocator<CANData_HandleTypeDef> > >)
 .text._ZN9__gnu_cxx13new_allocatorI21CANData_HandleTypeDefE10deallocateEPS1_j
                0x0000000008002ed6       0x26 ./Core/Module/lift_motor/bg95.o
                0x0000000008002ed6                __gnu_cxx::new_allocator<CANData_HandleTypeDef>::deallocate(CANData_HandleTypeDef*, unsigned int)
 .text._ZNSt12_Destroy_auxILb1EE9__destroyIP21CANData_HandleTypeDefEEvT_S4_
                0x0000000008002efc       0x16 ./Core/Module/lift_motor/bg95.o
                0x0000000008002efc                void std::_Destroy_aux<true>::__destroy<CANData_HandleTypeDef*>(CANData_HandleTypeDef*, CANData_HandleTypeDef*)
 .text._ZSt14__copy_move_a2ILb0EPhS0_ET1_T0_S2_S1_
                0x0000000008002f12       0x20 ./Core/Module/lift_motor/bg95.o
                0x0000000008002f12                unsigned char* std::__copy_move_a2<false, unsigned char*, unsigned char*>(unsigned char*, unsigned char*, unsigned char*)
 .text._ZN9__gnu_cxx13new_allocatorI21CANData_HandleTypeDefE7destroyIS1_EEvPT_
                0x0000000008002f32       0x16 ./Core/Module/lift_motor/bg95.o
                0x0000000008002f32                void __gnu_cxx::new_allocator<CANData_HandleTypeDef>::destroy<CANData_HandleTypeDef>(CANData_HandleTypeDef*)
 .text._ZN9__gnu_cxx13new_allocatorI21CANData_HandleTypeDefE9constructIS1_JS1_EEEvPT_DpOT0_
                0x0000000008002f48       0x36 ./Core/Module/lift_motor/bg95.o
                0x0000000008002f48                void __gnu_cxx::new_allocator<CANData_HandleTypeDef>::construct<CANData_HandleTypeDef, CANData_HandleTypeDef>(CANData_HandleTypeDef*, CANData_HandleTypeDef&&)
 .text._ZNKSt6vectorI21CANData_HandleTypeDefSaIS0_EE8max_sizeEv
                0x0000000008002f7e       0x22 ./Core/Module/lift_motor/bg95.o
                0x0000000008002f7e                std::vector<CANData_HandleTypeDef, std::allocator<CANData_HandleTypeDef> >::max_size() const
 .text._ZNKSt6vectorI21CANData_HandleTypeDefSaIS0_EE4sizeEv
                0x0000000008002fa0       0x2c ./Core/Module/lift_motor/bg95.o
                0x0000000008002fa0                std::vector<CANData_HandleTypeDef, std::allocator<CANData_HandleTypeDef> >::size() const
 .text._ZSt3maxIjERKT_S2_S2_
                0x0000000008002fcc       0x28 ./Core/Module/lift_motor/bg95.o
                0x0000000008002fcc                unsigned int const& std::max<unsigned int>(unsigned int const&, unsigned int const&)
 .text._ZNSt16allocator_traitsISaI21CANData_HandleTypeDefEE8allocateERS1_j
                0x0000000008002ff4       0x1e ./Core/Module/lift_motor/bg95.o
                0x0000000008002ff4                std::allocator_traits<std::allocator<CANData_HandleTypeDef> >::allocate(std::allocator<CANData_HandleTypeDef>&, unsigned int)
 .text._ZNSt6vectorI21CANData_HandleTypeDefSaIS0_EE14_S_do_relocateEPS0_S3_S3_RS1_St17integral_constantIbLb1EE
                0x0000000008003012       0x24 ./Core/Module/lift_motor/bg95.o
                0x0000000008003012                std::vector<CANData_HandleTypeDef, std::allocator<CANData_HandleTypeDef> >::_S_do_relocate(CANData_HandleTypeDef*, CANData_HandleTypeDef*, CANData_HandleTypeDef*, std::allocator<CANData_HandleTypeDef>&, std::integral_constant<bool, true>)
 .text._ZSt32__make_move_if_noexcept_iteratorI21CANData_HandleTypeDefSt13move_iteratorIPS0_EET0_PT_
                0x0000000008003036       0x1e ./Core/Module/lift_motor/bg95.o
                0x0000000008003036                std::move_iterator<CANData_HandleTypeDef*> std::__make_move_if_noexcept_iterator<CANData_HandleTypeDef, std::move_iterator<CANData_HandleTypeDef*> >(CANData_HandleTypeDef*)
 .text._ZSt22__uninitialized_copy_aISt13move_iteratorIP21CANData_HandleTypeDefES2_S1_ET0_T_S5_S4_RSaIT1_E
                0x0000000008003054       0x22 ./Core/Module/lift_motor/bg95.o
                0x0000000008003054                CANData_HandleTypeDef* std::__uninitialized_copy_a<std::move_iterator<CANData_HandleTypeDef*>, CANData_HandleTypeDef*, CANData_HandleTypeDef>(std::move_iterator<CANData_HandleTypeDef*>, std::move_iterator<CANData_HandleTypeDef*>, CANData_HandleTypeDef*, std::allocator<CANData_HandleTypeDef>&)
 .text._ZSt12__miter_baseIN9__gnu_cxx17__normal_iteratorIP21CANData_HandleTypeDefSt6vectorIS2_SaIS2_EEEEET_S8_
                0x0000000008003076       0x16 ./Core/Module/lift_motor/bg95.o
                0x0000000008003076                __gnu_cxx::__normal_iterator<CANData_HandleTypeDef*, std::vector<CANData_HandleTypeDef, std::allocator<CANData_HandleTypeDef> > > std::__miter_base<__gnu_cxx::__normal_iterator<CANData_HandleTypeDef*, std::vector<CANData_HandleTypeDef, std::allocator<CANData_HandleTypeDef> > > >(__gnu_cxx::__normal_iterator<CANData_HandleTypeDef*, std::vector<CANData_HandleTypeDef, std::allocator<CANData_HandleTypeDef> > >)
 .text._ZSt13__copy_move_aILb1EN9__gnu_cxx17__normal_iteratorIP21CANData_HandleTypeDefSt6vectorIS2_SaIS2_EEEES7_ET1_T0_S9_S8_
                0x000000000800308c       0x42 ./Core/Module/lift_motor/bg95.o
                0x000000000800308c                __gnu_cxx::__normal_iterator<CANData_HandleTypeDef*, std::vector<CANData_HandleTypeDef, std::allocator<CANData_HandleTypeDef> > > std::__copy_move_a<true, __gnu_cxx::__normal_iterator<CANData_HandleTypeDef*, std::vector<CANData_HandleTypeDef, std::allocator<CANData_HandleTypeDef> > >, __gnu_cxx::__normal_iterator<CANData_HandleTypeDef*, std::vector<CANData_HandleTypeDef, std::allocator<CANData_HandleTypeDef> > > >(__gnu_cxx::__normal_iterator<CANData_HandleTypeDef*, std::vector<CANData_HandleTypeDef, std::allocator<CANData_HandleTypeDef> > >, __gnu_cxx::__normal_iterator<CANData_HandleTypeDef*, std::vector<CANData_HandleTypeDef, std::allocator<CANData_HandleTypeDef> > >, __gnu_cxx::__normal_iterator<CANData_HandleTypeDef*, std::vector<CANData_HandleTypeDef, std::allocator<CANData_HandleTypeDef> > >)
 .text._ZNSt11__copy_moveILb0ELb1ESt26random_access_iterator_tagE8__copy_mIhEEPT_PKS3_S6_S4_
                0x00000000080030ce       0x34 ./Core/Module/lift_motor/bg95.o
                0x00000000080030ce                unsigned char* std::__copy_move<false, true, std::random_access_iterator_tag>::__copy_m<unsigned char>(unsigned char const*, unsigned char const*, unsigned char*)
 .text._ZSt12__niter_baseIP21CANData_HandleTypeDefET_S2_
                0x0000000008003102       0x16 ./Core/Module/lift_motor/bg95.o
                0x0000000008003102                CANData_HandleTypeDef* std::__niter_base<CANData_HandleTypeDef*>(CANData_HandleTypeDef*)
 .text._ZNSt6vectorI21CANData_HandleTypeDefSaIS0_EE11_S_max_sizeERKS1_
                0x0000000008003118       0x38 ./Core/Module/lift_motor/bg95.o
                0x0000000008003118                std::vector<CANData_HandleTypeDef, std::allocator<CANData_HandleTypeDef> >::_S_max_size(std::allocator<CANData_HandleTypeDef> const&)
 .text._ZNKSt12_Vector_baseI21CANData_HandleTypeDefSaIS0_EE19_M_get_Tp_allocatorEv
                0x0000000008003150       0x16 ./Core/Module/lift_motor/bg95.o
                0x0000000008003150                std::_Vector_base<CANData_HandleTypeDef, std::allocator<CANData_HandleTypeDef> >::_M_get_Tp_allocator() const
 .text._ZN9__gnu_cxx13new_allocatorI21CANData_HandleTypeDefE8allocateEjPKv
                0x0000000008003166       0x42 ./Core/Module/lift_motor/bg95.o
                0x0000000008003166                __gnu_cxx::new_allocator<CANData_HandleTypeDef>::allocate(unsigned int, void const*)
 .text._ZSt12__relocate_aIP21CANData_HandleTypeDefS1_SaIS0_EET0_T_S4_S3_RT1_
                0x00000000080031a8       0x3a ./Core/Module/lift_motor/bg95.o
                0x00000000080031a8                CANData_HandleTypeDef* std::__relocate_a<CANData_HandleTypeDef*, CANData_HandleTypeDef*, std::allocator<CANData_HandleTypeDef> >(CANData_HandleTypeDef*, CANData_HandleTypeDef*, CANData_HandleTypeDef*, std::allocator<CANData_HandleTypeDef>&)
 .text._ZNSt13move_iteratorIP21CANData_HandleTypeDefEC2ES1_
                0x00000000080031e2       0x24 ./Core/Module/lift_motor/bg95.o
                0x00000000080031e2                std::move_iterator<CANData_HandleTypeDef*>::move_iterator(CANData_HandleTypeDef*)
                0x00000000080031e2                std::move_iterator<CANData_HandleTypeDef*>::move_iterator(CANData_HandleTypeDef*)
 .text._ZSt18uninitialized_copyISt13move_iteratorIP21CANData_HandleTypeDefES2_ET0_T_S5_S4_
                0x0000000008003206       0x24 ./Core/Module/lift_motor/bg95.o
                0x0000000008003206                CANData_HandleTypeDef* std::uninitialized_copy<std::move_iterator<CANData_HandleTypeDef*>, CANData_HandleTypeDef*>(std::move_iterator<CANData_HandleTypeDef*>, std::move_iterator<CANData_HandleTypeDef*>, CANData_HandleTypeDef*)
 .text._ZSt12__niter_baseIP21CANData_HandleTypeDefSt6vectorIS0_SaIS0_EEET_N9__gnu_cxx17__normal_iteratorIS5_T0_EE
                0x000000000800322a       0x1c ./Core/Module/lift_motor/bg95.o
                0x000000000800322a                CANData_HandleTypeDef* std::__niter_base<CANData_HandleTypeDef*, std::vector<CANData_HandleTypeDef, std::allocator<CANData_HandleTypeDef> > >(__gnu_cxx::__normal_iterator<CANData_HandleTypeDef*, std::vector<CANData_HandleTypeDef, std::allocator<CANData_HandleTypeDef> > >)
 .text._ZSt14__copy_move_a1ILb1EP21CANData_HandleTypeDefS1_ET1_T0_S3_S2_
                0x0000000008003246       0x20 ./Core/Module/lift_motor/bg95.o
                0x0000000008003246                CANData_HandleTypeDef* std::__copy_move_a1<true, CANData_HandleTypeDef*, CANData_HandleTypeDef*>(CANData_HandleTypeDef*, CANData_HandleTypeDef*, CANData_HandleTypeDef*)
 *fill*         0x0000000008003266        0x2 
 .text._ZSt12__niter_wrapIN9__gnu_cxx17__normal_iteratorIP21CANData_HandleTypeDefSt6vectorIS2_SaIS2_EEEES3_ET_S8_T0_
                0x0000000008003268       0x38 ./Core/Module/lift_motor/bg95.o
                0x0000000008003268                __gnu_cxx::__normal_iterator<CANData_HandleTypeDef*, std::vector<CANData_HandleTypeDef, std::allocator<CANData_HandleTypeDef> > > std::__niter_wrap<__gnu_cxx::__normal_iterator<CANData_HandleTypeDef*, std::vector<CANData_HandleTypeDef, std::allocator<CANData_HandleTypeDef> > >, CANData_HandleTypeDef*>(__gnu_cxx::__normal_iterator<CANData_HandleTypeDef*, std::vector<CANData_HandleTypeDef, std::allocator<CANData_HandleTypeDef> > >, CANData_HandleTypeDef*)
 .text._ZNSt16allocator_traitsISaI21CANData_HandleTypeDefEE8max_sizeERKS1_
                0x00000000080032a0       0x18 ./Core/Module/lift_motor/bg95.o
                0x00000000080032a0                std::allocator_traits<std::allocator<CANData_HandleTypeDef> >::max_size(std::allocator<CANData_HandleTypeDef> const&)
 .text._ZSt3minIjERKT_S2_S2_
                0x00000000080032b8       0x28 ./Core/Module/lift_motor/bg95.o
                0x00000000080032b8                unsigned int const& std::min<unsigned int>(unsigned int const&, unsigned int const&)
 .text._ZNK9__gnu_cxx13new_allocatorI21CANData_HandleTypeDefE11_M_max_sizeEv
                0x00000000080032e0       0x1c ./Core/Module/lift_motor/bg95.o
                0x00000000080032e0                __gnu_cxx::new_allocator<CANData_HandleTypeDef>::_M_max_size() const
 .text._ZSt14__relocate_a_1IP21CANData_HandleTypeDefS1_SaIS0_EET0_T_S4_S3_RT1_
                0x00000000080032fc       0x4c ./Core/Module/lift_motor/bg95.o
                0x00000000080032fc                CANData_HandleTypeDef* std::__relocate_a_1<CANData_HandleTypeDef*, CANData_HandleTypeDef*, std::allocator<CANData_HandleTypeDef> >(CANData_HandleTypeDef*, CANData_HandleTypeDef*, CANData_HandleTypeDef*, std::allocator<CANData_HandleTypeDef>&)
 .text._ZSt4moveIRP21CANData_HandleTypeDefEONSt16remove_referenceIT_E4typeEOS4_
                0x0000000008003348       0x16 ./Core/Module/lift_motor/bg95.o
                0x0000000008003348                std::remove_reference<CANData_HandleTypeDef*&>::type&& std::move<CANData_HandleTypeDef*&>(CANData_HandleTypeDef*&)
 .text._ZNSt20__uninitialized_copyILb0EE13__uninit_copyISt13move_iteratorIP21CANData_HandleTypeDefES4_EET0_T_S7_S6_
                0x000000000800335e       0x5e ./Core/Module/lift_motor/bg95.o
                0x000000000800335e                CANData_HandleTypeDef* std::__uninitialized_copy<false>::__uninit_copy<std::move_iterator<CANData_HandleTypeDef*>, CANData_HandleTypeDef*>(std::move_iterator<CANData_HandleTypeDef*>, std::move_iterator<CANData_HandleTypeDef*>, CANData_HandleTypeDef*)
 .text._ZSt14__copy_move_a2ILb1EP21CANData_HandleTypeDefS1_ET1_T0_S3_S2_
                0x00000000080033bc       0x20 ./Core/Module/lift_motor/bg95.o
                0x00000000080033bc                CANData_HandleTypeDef* std::__copy_move_a2<true, CANData_HandleTypeDef*, CANData_HandleTypeDef*>(CANData_HandleTypeDef*, CANData_HandleTypeDef*, CANData_HandleTypeDef*)
 .text._ZNK9__gnu_cxx13new_allocatorI21CANData_HandleTypeDefE8max_sizeEv
                0x00000000080033dc       0x18 ./Core/Module/lift_motor/bg95.o
                0x00000000080033dc                __gnu_cxx::new_allocator<CANData_HandleTypeDef>::max_size() const
 .text._ZSt11__addressofI21CANData_HandleTypeDefEPT_RS1_
                0x00000000080033f4       0x16 ./Core/Module/lift_motor/bg95.o
                0x00000000080033f4                CANData_HandleTypeDef* std::__addressof<CANData_HandleTypeDef>(CANData_HandleTypeDef&)
 .text._ZSt19__relocate_object_aI21CANData_HandleTypeDefS0_SaIS0_EEvPT_PT0_RT1_
                0x000000000800340a       0x36 ./Core/Module/lift_motor/bg95.o
                0x000000000800340a                void std::__relocate_object_a<CANData_HandleTypeDef, CANData_HandleTypeDef, std::allocator<CANData_HandleTypeDef> >(CANData_HandleTypeDef*, CANData_HandleTypeDef*, std::allocator<CANData_HandleTypeDef>&)
 .text._ZStneIP21CANData_HandleTypeDefEbRKSt13move_iteratorIT_ES6_
                0x0000000008003440       0x22 ./Core/Module/lift_motor/bg95.o
                0x0000000008003440                bool std::operator!=<CANData_HandleTypeDef*>(std::move_iterator<CANData_HandleTypeDef*> const&, std::move_iterator<CANData_HandleTypeDef*> const&)
 .text._ZNSt13move_iteratorIP21CANData_HandleTypeDefEppEv
                0x0000000008003462       0x22 ./Core/Module/lift_motor/bg95.o
                0x0000000008003462                std::move_iterator<CANData_HandleTypeDef*>::operator++()
 .text._ZNKSt13move_iteratorIP21CANData_HandleTypeDefEdeEv
                0x0000000008003484       0x18 ./Core/Module/lift_motor/bg95.o
                0x0000000008003484                std::move_iterator<CANData_HandleTypeDef*>::operator*() const
 .text._ZSt10_ConstructI21CANData_HandleTypeDefJS0_EEvPT_DpOT0_
                0x000000000800349c       0x34 ./Core/Module/lift_motor/bg95.o
                0x000000000800349c                void std::_Construct<CANData_HandleTypeDef, CANData_HandleTypeDef>(CANData_HandleTypeDef*, CANData_HandleTypeDef&&)
 .text._ZNSt11__copy_moveILb1ELb1ESt26random_access_iterator_tagE8__copy_mI21CANData_HandleTypeDefEEPT_PKS4_S7_S5_
                0x00000000080034d0       0x54 ./Core/Module/lift_motor/bg95.o
                0x00000000080034d0                CANData_HandleTypeDef* std::__copy_move<true, true, std::random_access_iterator_tag>::__copy_m<CANData_HandleTypeDef>(CANData_HandleTypeDef const*, CANData_HandleTypeDef const*, CANData_HandleTypeDef*)
 .text._ZSteqIP21CANData_HandleTypeDefEbRKSt13move_iteratorIT_ES6_
                0x0000000008003524       0x2c ./Core/Module/lift_motor/bg95.o
                0x0000000008003524                bool std::operator==<CANData_HandleTypeDef*>(std::move_iterator<CANData_HandleTypeDef*> const&, std::move_iterator<CANData_HandleTypeDef*> const&)
 .text._ZNKSt13move_iteratorIP21CANData_HandleTypeDefE4baseEv
                0x0000000008003550       0x18 ./Core/Module/lift_motor/bg95.o
                0x0000000008003550                std::move_iterator<CANData_HandleTypeDef*>::base() const
 .text._ZSt16__deque_buf_sizej
                0x0000000008003568       0x2a ./Core/Module/optical_sensor/PNFPosSensor/PNFPosSensor.o
                0x0000000008003568                std::__deque_buf_size(unsigned int)
 .text._ZNSt12_Vector_baseItSaItEE12_Vector_implD2Ev
                0x0000000008003592       0x18 ./Core/Module/optical_sensor/PNFPosSensor/PNFPosSensor.o
                0x0000000008003592                std::_Vector_base<unsigned short, std::allocator<unsigned short> >::_Vector_impl::~_Vector_impl()
                0x0000000008003592                std::_Vector_base<unsigned short, std::allocator<unsigned short> >::_Vector_impl::~_Vector_impl()
 .text._ZNSt12_Vector_baseItSaItEEC2Ev
                0x00000000080035aa       0x1a ./Core/Module/optical_sensor/PNFPosSensor/PNFPosSensor.o
                0x00000000080035aa                std::_Vector_base<unsigned short, std::allocator<unsigned short> >::_Vector_base()
                0x00000000080035aa                std::_Vector_base<unsigned short, std::allocator<unsigned short> >::_Vector_base()
 .text._ZNSt6vectorItSaItEEC2Ev
                0x00000000080035c4       0x1a ./Core/Module/optical_sensor/PNFPosSensor/PNFPosSensor.o
                0x00000000080035c4                std::vector<unsigned short, std::allocator<unsigned short> >::vector()
                0x00000000080035c4                std::vector<unsigned short, std::allocator<unsigned short> >::vector()
 .text._ZNSt5queueItSt5dequeItSaItEEED2Ev
                0x00000000080035de       0x1a ./Core/Module/optical_sensor/PNFPosSensor/PNFPosSensor.o
                0x00000000080035de                std::queue<unsigned short, std::deque<unsigned short, std::allocator<unsigned short> > >::~queue()
                0x00000000080035de                std::queue<unsigned short, std::deque<unsigned short, std::allocator<unsigned short> > >::~queue()
 .text._ZN12PNFPosSensorC2Ev
                0x00000000080035f8       0x84 ./Core/Module/optical_sensor/PNFPosSensor/PNFPosSensor.o
                0x00000000080035f8                PNFPosSensor::PNFPosSensor()
                0x00000000080035f8                PNFPosSensor::PNFPosSensor()
 .text._ZN12PNFPosSensorD2Ev
                0x000000000800367c       0x3c ./Core/Module/optical_sensor/PNFPosSensor/PNFPosSensor.o
                0x000000000800367c                PNFPosSensor::~PNFPosSensor()
                0x000000000800367c                PNFPosSensor::~PNFPosSensor()
 .text._ZN12PNFPosSensor19TransmitSendRequestEv
                0x00000000080036b8       0x7e ./Core/Module/optical_sensor/PNFPosSensor/PNFPosSensor.o
                0x00000000080036b8                PNFPosSensor::TransmitSendRequest()
 .text._ZN12PNFPosSensor23TransmitReceiveResponseEv
                0x0000000008003736       0xf8 ./Core/Module/optical_sensor/PNFPosSensor/PNFPosSensor.o
                0x0000000008003736                PNFPosSensor::TransmitReceiveResponse()
 .text._ZN12PNFPosSensor16QueueSaveRequestEt
                0x000000000800382e       0x22 ./Core/Module/optical_sensor/PNFPosSensor/PNFPosSensor.o
                0x000000000800382e                PNFPosSensor::QueueSaveRequest(unsigned short)
 .text._ZN12PNFPosSensor18QueueDeleteRequestEv
                0x0000000008003850       0x22 ./Core/Module/optical_sensor/PNFPosSensor/PNFPosSensor.o
                0x0000000008003850                PNFPosSensor::QueueDeleteRequest()
 .text._ZN12PNFPosSensor14IsInfoFilteredEv
                0x0000000008003872       0x26 ./Core/Module/optical_sensor/PNFPosSensor/PNFPosSensor.o
                0x0000000008003872                PNFPosSensor::IsInfoFiltered()
 .text._ZN12PNFPosSensor10IsWorkDoneEv
                0x0000000008003898       0x22 ./Core/Module/optical_sensor/PNFPosSensor/PNFPosSensor.o
                0x0000000008003898                PNFPosSensor::IsWorkDone()
 .text._ZN12PNFPosSensor13FilterCountUpEv
                0x00000000080038ba       0x2c ./Core/Module/optical_sensor/PNFPosSensor/PNFPosSensor.o
                0x00000000080038ba                PNFPosSensor::FilterCountUp()
 .text._ZN12PNFPosSensor16FilterCountResetEv
                0x00000000080038e6       0x1a ./Core/Module/optical_sensor/PNFPosSensor/PNFPosSensor.o
                0x00000000080038e6                PNFPosSensor::FilterCountReset()
 .text._ZN12PNFPosSensor7IsErrUpEv
                0x0000000008003900       0x22 ./Core/Module/optical_sensor/PNFPosSensor/PNFPosSensor.o
                0x0000000008003900                PNFPosSensor::IsErrUp()
 .text._ZN12PNFPosSensor5DriveEv
                0x0000000008003922       0x3c ./Core/Module/optical_sensor/PNFPosSensor/PNFPosSensor.o
                0x0000000008003922                PNFPosSensor::Drive()
 .text._ZNSt12_Vector_baseItSaItEE12_Vector_implC2Ev
                0x000000000800395e       0x20 ./Core/Module/optical_sensor/PNFPosSensor/PNFPosSensor.o
                0x000000000800395e                std::_Vector_base<unsigned short, std::allocator<unsigned short> >::_Vector_impl::_Vector_impl()
                0x000000000800395e                std::_Vector_base<unsigned short, std::allocator<unsigned short> >::_Vector_impl::_Vector_impl()
 .text._ZNSaItED2Ev
                0x000000000800397e       0x18 ./Core/Module/optical_sensor/PNFPosSensor/PNFPosSensor.o
                0x000000000800397e                std::allocator<unsigned short>::~allocator()
                0x000000000800397e                std::allocator<unsigned short>::~allocator()
 .text._ZNSt12_Vector_baseItSaItEED2Ev
                0x0000000008003996       0x32 ./Core/Module/optical_sensor/PNFPosSensor/PNFPosSensor.o
                0x0000000008003996                std::_Vector_base<unsigned short, std::allocator<unsigned short> >::~_Vector_base()
                0x0000000008003996                std::_Vector_base<unsigned short, std::allocator<unsigned short> >::~_Vector_base()
 .text._ZNSt6vectorItSaItEED2Ev
                0x00000000080039c8       0x36 ./Core/Module/optical_sensor/PNFPosSensor/PNFPosSensor.o
                0x00000000080039c8                std::vector<unsigned short, std::allocator<unsigned short> >::~vector()
                0x00000000080039c8                std::vector<unsigned short, std::allocator<unsigned short> >::~vector()
 .text._ZNSt5dequeItSaItEEC2Ev
                0x00000000080039fe       0x1a ./Core/Module/optical_sensor/PNFPosSensor/PNFPosSensor.o
                0x00000000080039fe                std::deque<unsigned short, std::allocator<unsigned short> >::deque()
                0x00000000080039fe                std::deque<unsigned short, std::allocator<unsigned short> >::deque()
 .text._ZNSt5queueItSt5dequeItSaItEEEC2IS2_vEEv
                0x0000000008003a18       0x28 ./Core/Module/optical_sensor/PNFPosSensor/PNFPosSensor.o
                0x0000000008003a18                std::queue<unsigned short, std::deque<unsigned short, std::allocator<unsigned short> > >::queue<std::deque<unsigned short, std::allocator<unsigned short> >, void>()
                0x0000000008003a18                std::queue<unsigned short, std::deque<unsigned short, std::allocator<unsigned short> > >::queue<std::deque<unsigned short, std::allocator<unsigned short> >, void>()
 .text._ZNSt5dequeItSaItEED2Ev
                0x0000000008003a40       0x4a ./Core/Module/optical_sensor/PNFPosSensor/PNFPosSensor.o
                0x0000000008003a40                std::deque<unsigned short, std::allocator<unsigned short> >::~deque()
                0x0000000008003a40                std::deque<unsigned short, std::allocator<unsigned short> >::~deque()
 .text._ZNSt5queueItSt5dequeItSaItEEE5frontEv
                0x0000000008003a8a       0x1a ./Core/Module/optical_sensor/PNFPosSensor/PNFPosSensor.o
                0x0000000008003a8a                std::queue<unsigned short, std::deque<unsigned short, std::allocator<unsigned short> > >::front()
 .text._ZNSt6vectorItSaItEEixEj
                0x0000000008003aa4       0x20 ./Core/Module/optical_sensor/PNFPosSensor/PNFPosSensor.o
                0x0000000008003aa4                std::vector<unsigned short, std::allocator<unsigned short> >::operator[](unsigned int)
 .text._ZNSt6vectorItSaItEE12emplace_backIJRhEEEvDpOT_
                0x0000000008003ac4       0x5c ./Core/Module/optical_sensor/PNFPosSensor/PNFPosSensor.o
                0x0000000008003ac4                void std::vector<unsigned short, std::allocator<unsigned short> >::emplace_back<unsigned char&>(unsigned char&)
 .text._ZNSt5queueItSt5dequeItSaItEEE4pushERKt
                0x0000000008003b20       0x1c ./Core/Module/optical_sensor/PNFPosSensor/PNFPosSensor.o
                0x0000000008003b20                std::queue<unsigned short, std::deque<unsigned short, std::allocator<unsigned short> > >::push(unsigned short const&)
 .text._ZNSt5queueItSt5dequeItSaItEEE3popEv
                0x0000000008003b3c       0x18 ./Core/Module/optical_sensor/PNFPosSensor/PNFPosSensor.o
                0x0000000008003b3c                std::queue<unsigned short, std::deque<unsigned short, std::allocator<unsigned short> > >::pop()
 .text._ZNSaItEC2Ev
                0x0000000008003b54       0x18 ./Core/Module/optical_sensor/PNFPosSensor/PNFPosSensor.o
                0x0000000008003b54                std::allocator<unsigned short>::allocator()
                0x0000000008003b54                std::allocator<unsigned short>::allocator()
 .text._ZNSt12_Vector_baseItSaItEE17_Vector_impl_dataC2Ev
                0x0000000008003b6c       0x28 ./Core/Module/optical_sensor/PNFPosSensor/PNFPosSensor.o
                0x0000000008003b6c                std::_Vector_base<unsigned short, std::allocator<unsigned short> >::_Vector_impl_data::_Vector_impl_data()
                0x0000000008003b6c                std::_Vector_base<unsigned short, std::allocator<unsigned short> >::_Vector_impl_data::_Vector_impl_data()
 .text._ZN9__gnu_cxx13new_allocatorItED2Ev
                0x0000000008003b94       0x16 ./Core/Module/optical_sensor/PNFPosSensor/PNFPosSensor.o
                0x0000000008003b94                __gnu_cxx::new_allocator<unsigned short>::~new_allocator()
                0x0000000008003b94                __gnu_cxx::new_allocator<unsigned short>::~new_allocator()
 .text._ZNSt12_Vector_baseItSaItEE13_M_deallocateEPtj
                0x0000000008003baa       0x26 ./Core/Module/optical_sensor/PNFPosSensor/PNFPosSensor.o
                0x0000000008003baa                std::_Vector_base<unsigned short, std::allocator<unsigned short> >::_M_deallocate(unsigned short*, unsigned int)
 .text._ZNSt12_Vector_baseItSaItEE19_M_get_Tp_allocatorEv
                0x0000000008003bd0       0x16 ./Core/Module/optical_sensor/PNFPosSensor/PNFPosSensor.o
                0x0000000008003bd0                std::_Vector_base<unsigned short, std::allocator<unsigned short> >::_M_get_Tp_allocator()
 .text._ZSt8_DestroyIPttEvT_S1_RSaIT0_E
                0x0000000008003be6       0x1c ./Core/Module/optical_sensor/PNFPosSensor/PNFPosSensor.o
                0x0000000008003be6                void std::_Destroy<unsigned short*, unsigned short>(unsigned short*, unsigned short*, std::allocator<unsigned short>&)
 .text._ZNSt11_Deque_baseItSaItEE11_Deque_implD2Ev
                0x0000000008003c02       0x18 ./Core/Module/optical_sensor/PNFPosSensor/PNFPosSensor.o
                0x0000000008003c02                std::_Deque_base<unsigned short, std::allocator<unsigned short> >::_Deque_impl::~_Deque_impl()
                0x0000000008003c02                std::_Deque_base<unsigned short, std::allocator<unsigned short> >::_Deque_impl::~_Deque_impl()
 .text._ZNSt11_Deque_baseItSaItEEC2Ev
                0x0000000008003c1a       0x22 ./Core/Module/optical_sensor/PNFPosSensor/PNFPosSensor.o
                0x0000000008003c1a                std::_Deque_base<unsigned short, std::allocator<unsigned short> >::_Deque_base()
                0x0000000008003c1a                std::_Deque_base<unsigned short, std::allocator<unsigned short> >::_Deque_base()
 .text._ZNSt11_Deque_baseItSaItEED2Ev
                0x0000000008003c3c       0x44 ./Core/Module/optical_sensor/PNFPosSensor/PNFPosSensor.o
                0x0000000008003c3c                std::_Deque_base<unsigned short, std::allocator<unsigned short> >::~_Deque_base()
                0x0000000008003c3c                std::_Deque_base<unsigned short, std::allocator<unsigned short> >::~_Deque_base()
 .text._ZNSt5dequeItSaItEE5beginEv
                0x0000000008003c80       0x1e ./Core/Module/optical_sensor/PNFPosSensor/PNFPosSensor.o
                0x0000000008003c80                std::deque<unsigned short, std::allocator<unsigned short> >::begin()
 .text._ZNSt5dequeItSaItEE3endEv
                0x0000000008003c9e       0x1e ./Core/Module/optical_sensor/PNFPosSensor/PNFPosSensor.o
                0x0000000008003c9e                std::deque<unsigned short, std::allocator<unsigned short> >::end()
 .text._ZNSt11_Deque_baseItSaItEE19_M_get_Tp_allocatorEv
                0x0000000008003cbc       0x16 ./Core/Module/optical_sensor/PNFPosSensor/PNFPosSensor.o
                0x0000000008003cbc                std::_Deque_base<unsigned short, std::allocator<unsigned short> >::_M_get_Tp_allocator()
 .text._ZNSt15_Deque_iteratorItRtPtEC2ERKS2_
                0x0000000008003cd2       0x38 ./Core/Module/optical_sensor/PNFPosSensor/PNFPosSensor.o
                0x0000000008003cd2                std::_Deque_iterator<unsigned short, unsigned short&, unsigned short*>::_Deque_iterator(std::_Deque_iterator<unsigned short, unsigned short&, unsigned short*> const&)
                0x0000000008003cd2                std::_Deque_iterator<unsigned short, unsigned short&, unsigned short*>::_Deque_iterator(std::_Deque_iterator<unsigned short, unsigned short&, unsigned short*> const&)
 .text._ZNSt5dequeItSaItEE15_M_destroy_dataESt15_Deque_iteratorItRtPtES5_RKS0_
                0x0000000008003d0a       0x1a ./Core/Module/optical_sensor/PNFPosSensor/PNFPosSensor.o
                0x0000000008003d0a                std::deque<unsigned short, std::allocator<unsigned short> >::_M_destroy_data(std::_Deque_iterator<unsigned short, unsigned short&, unsigned short*>, std::_Deque_iterator<unsigned short, unsigned short&, unsigned short*>, std::allocator<unsigned short> const&)
 .text._ZNSt5dequeItSaItEE5frontEv
                0x0000000008003d24       0x28 ./Core/Module/optical_sensor/PNFPosSensor/PNFPosSensor.o
                0x0000000008003d24                std::deque<unsigned short, std::allocator<unsigned short> >::front()
 .text._ZSt7forwardIRhEOT_RNSt16remove_referenceIS1_E4typeE
                0x0000000008003d4c       0x16 ./Core/Module/optical_sensor/PNFPosSensor/PNFPosSensor.o
                0x0000000008003d4c                unsigned char& std::forward<unsigned char&>(std::remove_reference<unsigned char&>::type&)
 .text._ZNSt16allocator_traitsISaItEE9constructItJRhEEEvRS0_PT_DpOT0_
                0x0000000008003d62       0x26 ./Core/Module/optical_sensor/PNFPosSensor/PNFPosSensor.o
                0x0000000008003d62                void std::allocator_traits<std::allocator<unsigned short> >::construct<unsigned short, unsigned char&>(std::allocator<unsigned short>&, unsigned short*, unsigned char&)
 .text._ZNSt6vectorItSaItEE3endEv
                0x0000000008003d88       0x22 ./Core/Module/optical_sensor/PNFPosSensor/PNFPosSensor.o
                0x0000000008003d88                std::vector<unsigned short, std::allocator<unsigned short> >::end()
 .text._ZNSt6vectorItSaItEE15_S_use_relocateEv
                0x0000000008003daa       0x16 ./Core/Module/optical_sensor/PNFPosSensor/PNFPosSensor.o
                0x0000000008003daa                std::vector<unsigned short, std::allocator<unsigned short> >::_S_use_relocate()
 .text._ZNSt6vectorItSaItEE19_S_nothrow_relocateESt17integral_constantIbLb1EE
                0x0000000008003dc0       0x16 ./Core/Module/optical_sensor/PNFPosSensor/PNFPosSensor.o
                0x0000000008003dc0                std::vector<unsigned short, std::allocator<unsigned short> >::_S_nothrow_relocate(std::integral_constant<bool, true>)
 *fill*         0x0000000008003dd6        0x2 
 .text._ZNSt6vectorItSaItEE17_M_realloc_insertIJRhEEEvN9__gnu_cxx17__normal_iteratorIPtS1_EEDpOT_
                0x0000000008003dd8      0x178 ./Core/Module/optical_sensor/PNFPosSensor/PNFPosSensor.o
                0x0000000008003dd8                void std::vector<unsigned short, std::allocator<unsigned short> >::_M_realloc_insert<unsigned char&>(__gnu_cxx::__normal_iterator<unsigned short*, std::vector<unsigned short, std::allocator<unsigned short> > >, unsigned char&)
 .text._ZNSt5dequeItSaItEE9push_backERKt
                0x0000000008003f50       0x42 ./Core/Module/optical_sensor/PNFPosSensor/PNFPosSensor.o
                0x0000000008003f50                std::deque<unsigned short, std::allocator<unsigned short> >::push_back(unsigned short const&)
 .text._ZNSt5dequeItSaItEE9pop_frontEv
                0x0000000008003f92       0x46 ./Core/Module/optical_sensor/PNFPosSensor/PNFPosSensor.o
                0x0000000008003f92                std::deque<unsigned short, std::allocator<unsigned short> >::pop_front()
 .text._ZN9__gnu_cxx13new_allocatorItEC2Ev
                0x0000000008003fd8       0x16 ./Core/Module/optical_sensor/PNFPosSensor/PNFPosSensor.o
                0x0000000008003fd8                __gnu_cxx::new_allocator<unsigned short>::new_allocator()
                0x0000000008003fd8                __gnu_cxx::new_allocator<unsigned short>::new_allocator()
 .text._ZNSt16allocator_traitsISaItEE10deallocateERS0_Ptj
                0x0000000008003fee       0x1e ./Core/Module/optical_sensor/PNFPosSensor/PNFPosSensor.o
                0x0000000008003fee                std::allocator_traits<std::allocator<unsigned short> >::deallocate(std::allocator<unsigned short>&, unsigned short*, unsigned int)
 .text._ZSt8_DestroyIPtEvT_S1_
                0x000000000800400c       0x1a ./Core/Module/optical_sensor/PNFPosSensor/PNFPosSensor.o
                0x000000000800400c                void std::_Destroy<unsigned short*>(unsigned short*, unsigned short*)
 .text._ZNSt11_Deque_baseItSaItEE11_Deque_implC2Ev
                0x0000000008004026       0x20 ./Core/Module/optical_sensor/PNFPosSensor/PNFPosSensor.o
                0x0000000008004026                std::_Deque_base<unsigned short, std::allocator<unsigned short> >::_Deque_impl::_Deque_impl()
                0x0000000008004026                std::_Deque_base<unsigned short, std::allocator<unsigned short> >::_Deque_impl::_Deque_impl()
 .text._ZNSt11_Deque_baseItSaItEE17_M_initialize_mapEj
                0x0000000008004046       0xc6 ./Core/Module/optical_sensor/PNFPosSensor/PNFPosSensor.o
                0x0000000008004046                std::_Deque_base<unsigned short, std::allocator<unsigned short> >::_M_initialize_map(unsigned int)
 .text._ZNSt11_Deque_baseItSaItEE16_M_destroy_nodesEPPtS3_
                0x000000000800410c       0x34 ./Core/Module/optical_sensor/PNFPosSensor/PNFPosSensor.o
                0x000000000800410c                std::_Deque_base<unsigned short, std::allocator<unsigned short> >::_M_destroy_nodes(unsigned short**, unsigned short**)
 .text._ZNSt11_Deque_baseItSaItEE17_M_deallocate_mapEPPtj
                0x0000000008004140       0x38 ./Core/Module/optical_sensor/PNFPosSensor/PNFPosSensor.o
                0x0000000008004140                std::_Deque_base<unsigned short, std::allocator<unsigned short> >::_M_deallocate_map(unsigned short**, unsigned int)
 .text._ZNKSt15_Deque_iteratorItRtPtEdeEv
                0x0000000008004178       0x18 ./Core/Module/optical_sensor/PNFPosSensor/PNFPosSensor.o
                0x0000000008004178                std::_Deque_iterator<unsigned short, unsigned short&, unsigned short*>::operator*() const
 .text._ZN9__gnu_cxx13new_allocatorItE9constructItJRhEEEvPT_DpOT0_
                0x0000000008004190       0x30 ./Core/Module/optical_sensor/PNFPosSensor/PNFPosSensor.o
                0x0000000008004190                void __gnu_cxx::new_allocator<unsigned short>::construct<unsigned short, unsigned char&>(unsigned short*, unsigned char&)
 .text._ZN9__gnu_cxx17__normal_iteratorIPtSt6vectorItSaItEEEC2ERKS1_
                0x00000000080041c0       0x20 ./Core/Module/optical_sensor/PNFPosSensor/PNFPosSensor.o
                0x00000000080041c0                __gnu_cxx::__normal_iterator<unsigned short*, std::vector<unsigned short, std::allocator<unsigned short> > >::__normal_iterator(unsigned short* const&)
                0x00000000080041c0                __gnu_cxx::__normal_iterator<unsigned short*, std::vector<unsigned short, std::allocator<unsigned short> > >::__normal_iterator(unsigned short* const&)
 .text._ZNKSt6vectorItSaItEE12_M_check_lenEjPKc
                0x00000000080041e0       0x8e ./Core/Module/optical_sensor/PNFPosSensor/PNFPosSensor.o
                0x00000000080041e0                std::vector<unsigned short, std::allocator<unsigned short> >::_M_check_len(unsigned int, char const*) const
 .text._ZNSt6vectorItSaItEE5beginEv
                0x000000000800426e       0x20 ./Core/Module/optical_sensor/PNFPosSensor/PNFPosSensor.o
                0x000000000800426e                std::vector<unsigned short, std::allocator<unsigned short> >::begin()
 .text._ZN9__gnu_cxxmiIPtSt6vectorItSaItEEEENS_17__normal_iteratorIT_T0_E15difference_typeERKS8_SB_
                0x000000000800428e       0x2a ./Core/Module/optical_sensor/PNFPosSensor/PNFPosSensor.o
                0x000000000800428e                __gnu_cxx::__normal_iterator<unsigned short*, std::vector<unsigned short, std::allocator<unsigned short> > >::difference_type __gnu_cxx::operator-<unsigned short*, std::vector<unsigned short, std::allocator<unsigned short> > >(__gnu_cxx::__normal_iterator<unsigned short*, std::vector<unsigned short, std::allocator<unsigned short> > > const&, __gnu_cxx::__normal_iterator<unsigned short*, std::vector<unsigned short, std::allocator<unsigned short> > > const&)
 .text._ZNSt12_Vector_baseItSaItEE11_M_allocateEj
                0x00000000080042b8       0x28 ./Core/Module/optical_sensor/PNFPosSensor/PNFPosSensor.o
                0x00000000080042b8                std::_Vector_base<unsigned short, std::allocator<unsigned short> >::_M_allocate(unsigned int)
 .text._ZNSt6vectorItSaItEE11_S_relocateEPtS2_S2_RS0_
                0x00000000080042e0       0x28 ./Core/Module/optical_sensor/PNFPosSensor/PNFPosSensor.o
                0x00000000080042e0                std::vector<unsigned short, std::allocator<unsigned short> >::_S_relocate(unsigned short*, unsigned short*, unsigned short*, std::allocator<unsigned short>&)
 .text._ZNK9__gnu_cxx17__normal_iteratorIPtSt6vectorItSaItEEE4baseEv
                0x0000000008004308       0x16 ./Core/Module/optical_sensor/PNFPosSensor/PNFPosSensor.o
                0x0000000008004308                __gnu_cxx::__normal_iterator<unsigned short*, std::vector<unsigned short, std::allocator<unsigned short> > >::base() const
 .text._ZSt34__uninitialized_move_if_noexcept_aIPtS0_SaItEET0_T_S3_S2_RT1_
                0x000000000800431e       0x32 ./Core/Module/optical_sensor/PNFPosSensor/PNFPosSensor.o
                0x000000000800431e                unsigned short* std::__uninitialized_move_if_noexcept_a<unsigned short*, unsigned short*, std::allocator<unsigned short> >(unsigned short*, unsigned short*, unsigned short*, std::allocator<unsigned short>&)
 .text._ZNSt16allocator_traitsISaItEE7destroyItEEvRS0_PT_
                0x0000000008004350       0x1a ./Core/Module/optical_sensor/PNFPosSensor/PNFPosSensor.o