/opt/st/stm32cubeide_1.10.1/plugins/com.st.stm32cube.ide.mcu.externaltools.gnu-tools-for-stm32.10.3-2021.10.linux64_1.0.0.202111181127/tools/arm-none-eabi/include/c++/10.3.1/arm-none-eabi/thumb/v7e-m+fp/hard/bits/gthr-default.h:229:1:int __gthread_key_delete(__gthread_key_t)	16	static
/home/kssvm/STM32CubeIDE/workspace_1.10.1/ML/test1/Core/Module/transmit_tools/../../Module/Util/CalcCRC.h:65:16:short unsigned int CalcCRC(unsigned char*, long unsigned int)	24	static
../Core/Module/lift_motor/bg95_command.cpp:23:6:void BG95::MandatoryParamEnqueue()	16	static
../Core/Module/lift_motor/bg95_command.cpp:66:6:void BG95::RecommendationParamEnqueue()	48	static
../Core/Module/lift_motor/bg95_command.cpp:95:6:void BG95::BreakManagementEnqueue()	16	static
../Core/Module/lift_motor/bg95_command.cpp:118:6:void BG95::HardwareParamEnqueue()	16	static
../Core/Module/lift_motor/bg95_command.cpp:136:6:void BG95::SetDirectionEnqueue(int)	24	static
../Core/Module/lift_motor/bg95_command.cpp:143:6:void BG95::SetPositionControlModeEnqueue()	16	static
../Core/Module/lift_motor/bg95_command.cpp:150:6:void BG95::AbsPosCommandEnqueue(int)	24	static
../Core/Module/lift_motor/bg95_command.cpp:157:6:void BG95::RelPosCommandEnqueue(int)	24	static
../Core/Module/lift_motor/bg95_command.cpp:166:6:void BG95::SetVelocityControlModeEnqueue()	16	static
../Core/Module/lift_motor/bg95_command.cpp:173:6:void BG95::SetSubVelocityControlModeEnqueue()	16	static
../Core/Module/lift_motor/bg95_command.cpp:180:6:void BG95::ReadSchduleCommandEnqueue()	16	static
../Core/Module/lift_motor/bg95_command.cpp:220:6:void BG95::InitializeCommand()	16	static
../Core/Module/lift_motor/bg95_command.cpp:237:6:void BG95::AbsPosCommand(int, uint32_t, uint32_t, int)	40	static
../Core/Module/lift_motor/bg95_command.cpp:261:6:void BG95::RelPosCommand(int, uint32_t, uint32_t, int)	40	static
../Core/Module/lift_motor/bg95_command.cpp:285:6:void BG95::VelCommand(int, uint32_t, uint32_t)	40	static
../Core/Module/lift_motor/bg95_command.cpp:307:6:void BG95::SubVelCommand(int, uint32_t, uint32_t)	40	static
../Core/Module/lift_motor/bg95_command.cpp:328:6:void BG95::ClearParamCommand()	16	static
../Core/Module/lift_motor/bg95_command.cpp:330:6:void BG95::StopMotorCommand()	16	static
../Core/Module/lift_motor/bg95_command.cpp:332:6:void BG95::EMGStopMotorCommand()	16	static
../Core/Module/lift_motor/bg95_command.cpp:339:6:void BG95::SetVelocityCommand(int32_t)	24	static
../Core/Module/lift_motor/bg95_command.cpp:352:6:void BG95::SetSubVelocityCommand(int32_t)	24	static
../Core/Module/lift_motor/bg95_command.cpp:361:6:void BG95::SetAccelerationCommand(uint32_t)	24	static
../Core/Module/lift_motor/bg95_command.cpp:372:6:void BG95::SetDecelerationCommand(uint32_t)	24	static
../Core/Module/lift_motor/bg95_command.cpp:383:6:void BG95::SetQuickStopDecelerationCommand(uint32_t)	24	static
../Core/Module/lift_motor/bg95_command.cpp:394:6:void BG95::SetDirectionNormalCommand()	24	static
../Core/Module/lift_motor/bg95_command.cpp:405:6:void BG95::SetDirectionReverseCommand()	24	static
../Core/Module/lift_motor/bg95_command.cpp:419:6:void BG95::SetPowerEnableCommand()	16	static
../Core/Module/lift_motor/bg95_command.cpp:424:6:void BG95::SetPowerDisableCommand()	16	static
../Core/Module/lift_motor/bg95_command.cpp:429:6:void BG95::SetPositionMinLimitCommand()	16	static
../Core/Module/lift_motor/bg95_command.cpp:434:6:void BG95::SetPositionMaxLimitCommand()	16	static
../Core/Module/lift_motor/bg95_command.cpp:446:6:void BG95::ResetPositionCommand()	16	static
../Core/Module/lift_motor/bg95_command.cpp:451:6:void BG95::ResetErrorCommand()	16	static
