/home/studio3s/st/stm32cubeide_1.8.0_2/plugins/com.st.stm32cube.ide.mcu.externaltools.gnu-tools-for-stm32.10.3-2021.10.linux64_1.0.0.202111181127/tools/arm-none-eabi/include/c++/10.3.1/new:174:33:void* operator new(std::size_t, void*)	16	static
/home/studio3s/st/stm32cubeide_1.8.0_2/plugins/com.st.stm32cube.ide.mcu.externaltools.gnu-tools-for-stm32.10.3-2021.10.linux64_1.0.0.202111181127/tools/arm-none-eabi/include/c++/10.3.1/arm-none-eabi/thumb/v7e-m+fp/hard/bits/gthr-default.h:229:1:int __gthread_key_delete(__gthread_key_t)	16	static
/home/studio3s/st/stm32cubeide_1.8.0_2/plugins/com.st.stm32cube.ide.mcu.externaltools.gnu-tools-for-stm32.10.3-2021.10.linux64_1.0.0.202111181127/tools/arm-none-eabi/include/c++/10.3.1/bits/stl_deque.h:96:3:constexpr std::size_t std::__deque_buf_size(std::size_t)	16	static
/home/studio3s/st/STM32CubeIDE/workspace_1.9.0/test1/Core/Module/transmit_tools/../../Module/Util/CalcCRC.h:65:16:short unsigned int CalcCRC(unsigned char*, long unsigned int)	24	static
/home/studio3s/st/stm32cubeide_1.8.0_2/plugins/com.st.stm32cube.ide.mcu.externaltools.gnu-tools-for-stm32.10.3-2021.10.linux64_1.0.0.202111181127/tools/arm-none-eabi/include/c++/10.3.1/bits/stl_vector.h:128:14:std::_Vector_base<short unsigned int, std::allocator<short unsigned int> >::_Vector_impl::~_Vector_impl()	16	static
/home/studio3s/st/stm32cubeide_1.8.0_2/plugins/com.st.stm32cube.ide.mcu.externaltools.gnu-tools-for-stm32.10.3-2021.10.linux64_1.0.0.202111181127/tools/arm-none-eabi/include/c++/10.3.1/bits/stl_vector.h:288:7:std::_Vector_base<_Tp, _Alloc>::_Vector_base() [with _Tp = short unsigned int; _Alloc = std::allocator<short unsigned int>]	16	static
/home/studio3s/st/stm32cubeide_1.8.0_2/plugins/com.st.stm32cube.ide.mcu.externaltools.gnu-tools-for-stm32.10.3-2021.10.linux64_1.0.0.202111181127/tools/arm-none-eabi/include/c++/10.3.1/bits/stl_vector.h:487:7:std::vector<_Tp, _Alloc>::vector() [with _Tp = short unsigned int; _Alloc = std::allocator<short unsigned int>]	16	static
/home/studio3s/st/stm32cubeide_1.8.0_2/plugins/com.st.stm32cube.ide.mcu.externaltools.gnu-tools-for-stm32.10.3-2021.10.linux64_1.0.0.202111181127/tools/arm-none-eabi/include/c++/10.3.1/bits/stl_queue.h:96:11:std::queue<short unsigned int>::~queue()	16	static
../Core/Module/optical_sensor/PNFPosSensor/PNFPosSensor.cpp:13:1:PNFPosSensor::PNFPosSensor()	16	static
../Core/Module/optical_sensor/PNFPosSensor/PNFPosSensor.cpp:14:1:PNFPosSensor::~PNFPosSensor()	16	static
../Core/Module/optical_sensor/PNFPosSensor/PNFPosSensor.cpp:14:1:virtual PNFPosSensor::~PNFPosSensor()	16	static
../Core/Module/optical_sensor/PNFPosSensor/PNFPosSensor.cpp:18:10:uint16_t PNFPosSensor::TransmitSendRequest()	32	static
../Core/Module/optical_sensor/PNFPosSensor/PNFPosSensor.cpp:30:10:uint16_t PNFPosSensor::TransmitReceiveResponse()	56	dynamic
../Core/Module/optical_sensor/PNFPosSensor/PNFPosSensor.cpp:53:6:void PNFPosSensor::QueueSaveRequest(uint16_t)	16	static
../Core/Module/optical_sensor/PNFPosSensor/PNFPosSensor.cpp:54:6:void PNFPosSensor::QueueDeleteRequest()	16	static
../Core/Module/optical_sensor/PNFPosSensor/PNFPosSensor.cpp:62:6:bool PNFPosSensor::IsInfoFiltered()	16	static
../Core/Module/optical_sensor/PNFPosSensor/PNFPosSensor.cpp:67:6:bool PNFPosSensor::IsWorkDone()	16	static
../Core/Module/optical_sensor/PNFPosSensor/PNFPosSensor.cpp:73:6:void PNFPosSensor::FilterCountUp()	16	static
../Core/Module/optical_sensor/PNFPosSensor/PNFPosSensor.cpp:78:6:void PNFPosSensor::FilterCountReset()	16	static
../Core/Module/optical_sensor/PNFPosSensor/PNFPosSensor.cpp:85:6:bool PNFPosSensor::IsErrUp()	16	static
../Core/Module/optical_sensor/PNFPosSensor/PNFPosSensor.cpp:92:6:bool PNFPosSensor::Drive()	16	static
/home/studio3s/st/stm32cubeide_1.8.0_2/plugins/com.st.stm32cube.ide.mcu.externaltools.gnu-tools-for-stm32.10.3-2021.10.linux64_1.0.0.202111181127/tools/arm-none-eabi/include/c++/10.3.1/bits/stl_vector.h:131:2:std::_Vector_base<_Tp, _Alloc>::_Vector_impl::_Vector_impl() [with _Tp = short unsigned int; _Alloc = std::allocator<short unsigned int>]	16	static
/home/studio3s/st/stm32cubeide_1.8.0_2/plugins/com.st.stm32cube.ide.mcu.externaltools.gnu-tools-for-stm32.10.3-2021.10.linux64_1.0.0.202111181127/tools/arm-none-eabi/include/c++/10.3.1/bits/allocator.h:182:7:std::allocator< <template-parameter-1-1> >::~allocator() [with _Tp = short unsigned int]	16	static
/home/studio3s/st/stm32cubeide_1.8.0_2/plugins/com.st.stm32cube.ide.mcu.externaltools.gnu-tools-for-stm32.10.3-2021.10.linux64_1.0.0.202111181127/tools/arm-none-eabi/include/c++/10.3.1/bits/stl_vector.h:333:7:std::_Vector_base<_Tp, _Alloc>::~_Vector_base() [with _Tp = short unsigned int; _Alloc = std::allocator<short unsigned int>]	16	static
/home/studio3s/st/stm32cubeide_1.8.0_2/plugins/com.st.stm32cube.ide.mcu.externaltools.gnu-tools-for-stm32.10.3-2021.10.linux64_1.0.0.202111181127/tools/arm-none-eabi/include/c++/10.3.1/bits/stl_vector.h:678:7:std::vector<_Tp, _Alloc>::~vector() [with _Tp = short unsigned int; _Alloc = std::allocator<short unsigned int>]	24	static
/home/studio3s/st/stm32cubeide_1.8.0_2/plugins/com.st.stm32cube.ide.mcu.externaltools.gnu-tools-for-stm32.10.3-2021.10.linux64_1.0.0.202111181127/tools/arm-none-eabi/include/c++/10.3.1/bits/stl_deque.h:831:7:std::deque<_Tp, _Alloc>::deque() [with _Tp = short unsigned int; _Alloc = std::allocator<short unsigned int>]	16	static
/home/studio3s/st/stm32cubeide_1.8.0_2/plugins/com.st.stm32cube.ide.mcu.externaltools.gnu-tools-for-stm32.10.3-2021.10.linux64_1.0.0.202111181127/tools/arm-none-eabi/include/c++/10.3.1/bits/stl_queue.h:166:2:std::queue<_Tp, _Sequence>::queue() [with _Seq = std::deque<short unsigned int, std::allocator<short unsigned int> >; _Requires = void; _Tp = short unsigned int; _Sequence = std::deque<short unsigned int, std::allocator<short unsigned int> >]	16	static
/home/studio3s/st/stm32cubeide_1.8.0_2/plugins/com.st.stm32cube.ide.mcu.externaltools.gnu-tools-for-stm32.10.3-2021.10.linux64_1.0.0.202111181127/tools/arm-none-eabi/include/c++/10.3.1/bits/stl_deque.h:1003:7:std::deque<_Tp, _Alloc>::~deque() [with _Tp = short unsigned int; _Alloc = std::allocator<short unsigned int>]	48	static
/home/studio3s/st/stm32cubeide_1.8.0_2/plugins/com.st.stm32cube.ide.mcu.externaltools.gnu-tools-for-stm32.10.3-2021.10.linux64_1.0.0.202111181127/tools/arm-none-eabi/include/c++/10.3.1/bits/stl_queue.h:216:7:std::queue<_Tp, _Sequence>::reference std::queue<_Tp, _Sequence>::front() [with _Tp = short unsigned int; _Sequence = std::deque<short unsigned int, std::allocator<short unsigned int> >]	16	static
/home/studio3s/st/stm32cubeide_1.8.0_2/plugins/com.st.stm32cube.ide.mcu.externaltools.gnu-tools-for-stm32.10.3-2021.10.linux64_1.0.0.202111181127/tools/arm-none-eabi/include/c++/10.3.1/bits/stl_vector.h:1043:7:std::vector<_Tp, _Alloc>::reference std::vector<_Tp, _Alloc>::operator[](std::vector<_Tp, _Alloc>::size_type) [with _Tp = short unsigned int; _Alloc = std::allocator<short unsigned int>]	16	static
/home/studio3s/st/stm32cubeide_1.8.0_2/plugins/com.st.stm32cube.ide.mcu.externaltools.gnu-tools-for-stm32.10.3-2021.10.linux64_1.0.0.202111181127/tools/arm-none-eabi/include/c++/10.3.1/bits/vector.tcc:109:7:) [with _Args = {unsigned char&}; _Tp = short unsigned int; _Alloc = std::allocator<short unsigned int>]	24	static
/home/studio3s/st/stm32cubeide_1.8.0_2/plugins/com.st.stm32cube.ide.mcu.externaltools.gnu-tools-for-stm32.10.3-2021.10.linux64_1.0.0.202111181127/tools/arm-none-eabi/include/c++/10.3.1/bits/stl_queue.h:265:7:void std::queue<_Tp, _Sequence>::push(const value_type&) [with _Tp = short unsigned int; _Sequence = std::deque<short unsigned int, std::allocator<short unsigned int> >]	16	static
/home/studio3s/st/stm32cubeide_1.8.0_2/plugins/com.st.stm32cube.ide.mcu.externaltools.gnu-tools-for-stm32.10.3-2021.10.linux64_1.0.0.202111181127/tools/arm-none-eabi/include/c++/10.3.1/bits/stl_queue.h:298:7:void std::queue<_Tp, _Sequence>::pop() [with _Tp = short unsigned int; _Sequence = std::deque<short unsigned int, std::allocator<short unsigned int> >]	16	static
/home/studio3s/st/stm32cubeide_1.8.0_2/plugins/com.st.stm32cube.ide.mcu.externaltools.gnu-tools-for-stm32.10.3-2021.10.linux64_1.0.0.202111181127/tools/arm-none-eabi/include/c++/10.3.1/bits/allocator.h:164:7:std::allocator< <template-parameter-1-1> >::allocator() [with _Tp = short unsigned int]	16	static
/home/studio3s/st/stm32cubeide_1.8.0_2/plugins/com.st.stm32cube.ide.mcu.externaltools.gnu-tools-for-stm32.10.3-2021.10.linux64_1.0.0.202111181127/tools/arm-none-eabi/include/c++/10.3.1/bits/stl_vector.h:97:2:std::_Vector_base<_Tp, _Alloc>::_Vector_impl_data::_Vector_impl_data() [with _Tp = short unsigned int; _Alloc = std::allocator<short unsigned int>]	16	static
/home/studio3s/st/stm32cubeide_1.8.0_2/plugins/com.st.stm32cube.ide.mcu.externaltools.gnu-tools-for-stm32.10.3-2021.10.linux64_1.0.0.202111181127/tools/arm-none-eabi/include/c++/10.3.1/ext/new_allocator.h:89:7:__gnu_cxx::new_allocator<_Tp>::~new_allocator() [with _Tp = short unsigned int]	16	static
/home/studio3s/st/stm32cubeide_1.8.0_2/plugins/com.st.stm32cube.ide.mcu.externaltools.gnu-tools-for-stm32.10.3-2021.10.linux64_1.0.0.202111181127/tools/arm-none-eabi/include/c++/10.3.1/bits/stl_vector.h:350:7:void std::_Vector_base<_Tp, _Alloc>::_M_deallocate(std::_Vector_base<_Tp, _Alloc>::pointer, std::size_t) [with _Tp = short unsigned int; _Alloc = std::allocator<short unsigned int>]	24	static
/home/studio3s/st/stm32cubeide_1.8.0_2/plugins/com.st.stm32cube.ide.mcu.externaltools.gnu-tools-for-stm32.10.3-2021.10.linux64_1.0.0.202111181127/tools/arm-none-eabi/include/c++/10.3.1/bits/stl_vector.h:276:7:std::_Vector_base<_Tp, _Alloc>::_Tp_alloc_type& std::_Vector_base<_Tp, _Alloc>::_M_get_Tp_allocator() [with _Tp = short unsigned int; _Alloc = std::allocator<short unsigned int>]	16	static
/home/studio3s/st/stm32cubeide_1.8.0_2/plugins/com.st.stm32cube.ide.mcu.externaltools.gnu-tools-for-stm32.10.3-2021.10.linux64_1.0.0.202111181127/tools/arm-none-eabi/include/c++/10.3.1/bits/alloc_traits.h:735:5:void std::_Destroy(_ForwardIterator, _ForwardIterator, std::allocator<_T2>&) [with _ForwardIterator = short unsigned int*; _Tp = short unsigned int]	24	static
/home/studio3s/st/stm32cubeide_1.8.0_2/plugins/com.st.stm32cube.ide.mcu.externaltools.gnu-tools-for-stm32.10.3-2021.10.linux64_1.0.0.202111181127/tools/arm-none-eabi/include/c++/10.3.1/bits/stl_deque.h:518:14:std::_Deque_base<short unsigned int, std::allocator<short unsigned int> >::_Deque_impl::~_Deque_impl()	16	static
/home/studio3s/st/stm32cubeide_1.8.0_2/plugins/com.st.stm32cube.ide.mcu.externaltools.gnu-tools-for-stm32.10.3-2021.10.linux64_1.0.0.202111181127/tools/arm-none-eabi/include/c++/10.3.1/bits/stl_deque.h:434:7:std::_Deque_base<_Tp, _Alloc>::_Deque_base() [with _Tp = short unsigned int; _Alloc = std::allocator<short unsigned int>]	16	static
/home/studio3s/st/stm32cubeide_1.8.0_2/plugins/com.st.stm32cube.ide.mcu.externaltools.gnu-tools-for-stm32.10.3-2021.10.linux64_1.0.0.202111181127/tools/arm-none-eabi/include/c++/10.3.1/bits/stl_deque.h:593:5:std::_Deque_base<_Tp, _Alloc>::~_Deque_base() [with _Tp = short unsigned int; _Alloc = std::allocator<short unsigned int>]	16	static
/home/studio3s/st/stm32cubeide_1.8.0_2/plugins/com.st.stm32cube.ide.mcu.externaltools.gnu-tools-for-stm32.10.3-2021.10.linux64_1.0.0.202111181127/tools/arm-none-eabi/include/c++/10.3.1/bits/stl_deque.h:1125:7:std::deque<_Tp, _Alloc>::iterator std::deque<_Tp, _Alloc>::begin() [with _Tp = short unsigned int; _Alloc = std::allocator<short unsigned int>]	16	static
/home/studio3s/st/stm32cubeide_1.8.0_2/plugins/com.st.stm32cube.ide.mcu.externaltools.gnu-tools-for-stm32.10.3-2021.10.linux64_1.0.0.202111181127/tools/arm-none-eabi/include/c++/10.3.1/bits/stl_deque.h:1142:7:std::deque<_Tp, _Alloc>::iterator std::deque<_Tp, _Alloc>::end() [with _Tp = short unsigned int; _Alloc = std::allocator<short unsigned int>]	16	static
/home/studio3s/st/stm32cubeide_1.8.0_2/plugins/com.st.stm32cube.ide.mcu.externaltools.gnu-tools-for-stm32.10.3-2021.10.linux64_1.0.0.202111181127/tools/arm-none-eabi/include/c++/10.3.1/bits/stl_deque.h:544:7:std::_Deque_base<_Tp, _Alloc>::_Tp_alloc_type& std::_Deque_base<_Tp, _Alloc>::_M_get_Tp_allocator() [with _Tp = short unsigned int; _Alloc = std::allocator<short unsigned int>]	16	static
/home/studio3s/st/stm32cubeide_1.8.0_2/plugins/com.st.stm32cube.ide.mcu.externaltools.gnu-tools-for-stm32.10.3-2021.10.linux64_1.0.0.202111181127/tools/arm-none-eabi/include/c++/10.3.1/bits/stl_deque.h:168:7:std::_Deque_iterator<_Tp, _Ref, _Ptr>::_Deque_iterator(const std::_Deque_iterator<_Tp, _Ref, _Ptr>&) [with _Tp = short unsigned int; _Ref = short unsigned int&; _Ptr = short unsigned int*]	16	static
/home/studio3s/st/stm32cubeide_1.8.0_2/plugins/com.st.stm32cube.ide.mcu.externaltools.gnu-tools-for-stm32.10.3-2021.10.linux64_1.0.0.202111181127/tools/arm-none-eabi/include/c++/10.3.1/bits/stl_deque.h:2042:7:void std::deque<_Tp, _Alloc>::_M_destroy_data(std::deque<_Tp, _Alloc>::iterator, std::deque<_Tp, _Alloc>::iterator, const std::allocator<_Tp1>&) [with _Tp = short unsigned int; _Alloc = std::allocator<short unsigned int>]	56	static
/home/studio3s/st/stm32cubeide_1.8.0_2/plugins/com.st.stm32cube.ide.mcu.externaltools.gnu-tools-for-stm32.10.3-2021.10.linux64_1.0.0.202111181127/tools/arm-none-eabi/include/c++/10.3.1/bits/stl_deque.h:1402:7:std::deque<_Tp, _Alloc>::reference std::deque<_Tp, _Alloc>::front() [with _Tp = short unsigned int; _Alloc = std::allocator<short unsigned int>]	32	static
/home/studio3s/st/stm32cubeide_1.8.0_2/plugins/com.st.stm32cube.ide.mcu.externaltools.gnu-tools-for-stm32.10.3-2021.10.linux64_1.0.0.202111181127/tools/arm-none-eabi/include/c++/10.3.1/bits/move.h:76:5:constexpr _Tp&& std::forward(typename std::remove_reference<_Tp>::type&) [with _Tp = unsigned char&]	16	static
/home/studio3s/st/stm32cubeide_1.8.0_2/plugins/com.st.stm32cube.ide.mcu.externaltools.gnu-tools-for-stm32.10.3-2021.10.linux64_1.0.0.202111181127/tools/arm-none-eabi/include/c++/10.3.1/bits/alloc_traits.h:507:2:) [with _Up = short unsigned int; _Args = {unsigned char&}; _Tp = short unsigned int]	24	static
/home/studio3s/st/stm32cubeide_1.8.0_2/plugins/com.st.stm32cube.ide.mcu.externaltools.gnu-tools-for-stm32.10.3-2021.10.linux64_1.0.0.202111181127/tools/arm-none-eabi/include/c++/10.3.1/bits/stl_vector.h:829:7:std::vector<_Tp, _Alloc>::iterator std::vector<_Tp, _Alloc>::end() [with _Tp = short unsigned int; _Alloc = std::allocator<short unsigned int>]	24	static
/home/studio3s/st/stm32cubeide_1.8.0_2/plugins/com.st.stm32cube.ide.mcu.externaltools.gnu-tools-for-stm32.10.3-2021.10.linux64_1.0.0.202111181127/tools/arm-none-eabi/include/c++/10.3.1/bits/stl_vector.h:444:7:static constexpr bool std::vector<_Tp, _Alloc>::_S_use_relocate() [with _Tp = short unsigned int; _Alloc = std::allocator<short unsigned int>]	16	static
/home/studio3s/st/stm32cubeide_1.8.0_2/plugins/com.st.stm32cube.ide.mcu.externaltools.gnu-tools-for-stm32.10.3-2021.10.linux64_1.0.0.202111181127/tools/arm-none-eabi/include/c++/10.3.1/bits/stl_vector.h:431:7:static constexpr bool std::vector<_Tp, _Alloc>::_S_nothrow_relocate(std::true_type) [with _Tp = short unsigned int; _Alloc = std::allocator<short unsigned int>]	16	static
/home/studio3s/st/stm32cubeide_1.8.0_2/plugins/com.st.stm32cube.ide.mcu.externaltools.gnu-tools-for-stm32.10.3-2021.10.linux64_1.0.0.202111181127/tools/arm-none-eabi/include/c++/10.3.1/bits/vector.tcc:426:7:) [with _Args = {unsigned char&}; _Tp = short unsigned int; _Alloc = std::allocator<short unsigned int>]	64	static
/home/studio3s/st/stm32cubeide_1.8.0_2/plugins/com.st.stm32cube.ide.mcu.externaltools.gnu-tools-for-stm32.10.3-2021.10.linux64_1.0.0.202111181127/tools/arm-none-eabi/include/c++/10.3.1/bits/stl_deque.h:1493:7:void std::deque<_Tp, _Alloc>::push_back(const value_type&) [with _Tp = short unsigned int; _Alloc = std::allocator<short unsigned int>]	16	static
/home/studio3s/st/stm32cubeide_1.8.0_2/plugins/com.st.stm32cube.ide.mcu.externaltools.gnu-tools-for-stm32.10.3-2021.10.linux64_1.0.0.202111181127/tools/arm-none-eabi/include/c++/10.3.1/bits/stl_deque.h:1529:7:void std::deque<_Tp, _Alloc>::pop_front() [with _Tp = short unsigned int; _Alloc = std::allocator<short unsigned int>]	16	static
/home/studio3s/st/stm32cubeide_1.8.0_2/plugins/com.st.stm32cube.ide.mcu.externaltools.gnu-tools-for-stm32.10.3-2021.10.linux64_1.0.0.202111181127/tools/arm-none-eabi/include/c++/10.3.1/ext/new_allocator.h:79:7:__gnu_cxx::new_allocator<_Tp>::new_allocator() [with _Tp = short unsigned int]	16	static
/home/studio3s/st/stm32cubeide_1.8.0_2/plugins/com.st.stm32cube.ide.mcu.externaltools.gnu-tools-for-stm32.10.3-2021.10.linux64_1.0.0.202111181127/tools/arm-none-eabi/include/c++/10.3.1/bits/alloc_traits.h:491:7:static void std::allocator_traits<std::allocator<_Tp1> >::deallocate(std::allocator_traits<std::allocator<_Tp1> >::allocator_type&, std::allocator_traits<std::allocator<_Tp1> >::pointer, std::allocator_traits<std::allocator<_Tp1> >::size_type) [with _Tp = short unsigned int]	24	static
/home/studio3s/st/stm32cubeide_1.8.0_2/plugins/com.st.stm32cube.ide.mcu.externaltools.gnu-tools-for-stm32.10.3-2021.10.linux64_1.0.0.202111181127/tools/arm-none-eabi/include/c++/10.3.1/bits/stl_construct.h:171:5:void std::_Destroy(_ForwardIterator, _ForwardIterator) [with _ForwardIterator = short unsigned int*]	16	static
/home/studio3s/st/stm32cubeide_1.8.0_2/plugins/com.st.stm32cube.ide.mcu.externaltools.gnu-tools-for-stm32.10.3-2021.10.linux64_1.0.0.202111181127/tools/arm-none-eabi/include/c++/10.3.1/bits/stl_deque.h:521:2:std::_Deque_base<_Tp, _Alloc>::_Deque_impl::_Deque_impl() [with _Tp = short unsigned int; _Alloc = std::allocator<short unsigned int>]	16	static
/home/studio3s/st/stm32cubeide_1.8.0_2/plugins/com.st.stm32cube.ide.mcu.externaltools.gnu-tools-for-stm32.10.3-2021.10.linux64_1.0.0.202111181127/tools/arm-none-eabi/include/c++/10.3.1/bits/stl_deque.h:614:5:void std::_Deque_base<_Tp, _Alloc>::_M_initialize_map(std::size_t) [with _Tp = short unsigned int; _Alloc = std::allocator<short unsigned int>]	48	static
/home/studio3s/st/stm32cubeide_1.8.0_2/plugins/com.st.stm32cube.ide.mcu.externaltools.gnu-tools-for-stm32.10.3-2021.10.linux64_1.0.0.202111181127/tools/arm-none-eabi/include/c++/10.3.1/bits/stl_deque.h:671:5:void std::_Deque_base<_Tp, _Alloc>::_M_destroy_nodes(std::_Deque_base<_Tp, _Alloc>::_Map_pointer, std::_Deque_base<_Tp, _Alloc>::_Map_pointer) [with _Tp = short unsigned int; _Alloc = std::allocator<short unsigned int>]	32	static
/home/studio3s/st/stm32cubeide_1.8.0_2/plugins/com.st.stm32cube.ide.mcu.externaltools.gnu-tools-for-stm32.10.3-2021.10.linux64_1.0.0.202111181127/tools/arm-none-eabi/include/c++/10.3.1/bits/stl_deque.h:577:7:void std::_Deque_base<_Tp, _Alloc>::_M_deallocate_map(std::_Deque_base<_Tp, _Alloc>::_Map_pointer, std::size_t) [with _Tp = short unsigned int; _Alloc = std::allocator<short unsigned int>]	32	static
/home/studio3s/st/stm32cubeide_1.8.0_2/plugins/com.st.stm32cube.ide.mcu.externaltools.gnu-tools-for-stm32.10.3-2021.10.linux64_1.0.0.202111181127/tools/arm-none-eabi/include/c++/10.3.1/bits/stl_deque.h:180:7:std::_Deque_iterator<_Tp, _Ref, _Ptr>::reference std::_Deque_iterator<_Tp, _Ref, _Ptr>::operator*() const [with _Tp = short unsigned int; _Ref = short unsigned int&; _Ptr = short unsigned int*]	16	static
/home/studio3s/st/stm32cubeide_1.8.0_2/plugins/com.st.stm32cube.ide.mcu.externaltools.gnu-tools-for-stm32.10.3-2021.10.linux64_1.0.0.202111181127/tools/arm-none-eabi/include/c++/10.3.1/ext/new_allocator.h:154:2:) [with _Up = short unsigned int; _Args = {unsigned char&}; _Tp = short unsigned int]	32	static
/home/studio3s/st/stm32cubeide_1.8.0_2/plugins/com.st.stm32cube.ide.mcu.externaltools.gnu-tools-for-stm32.10.3-2021.10.linux64_1.0.0.202111181127/tools/arm-none-eabi/include/c++/10.3.1/bits/stl_iterator.h:978:7:__gnu_cxx::__normal_iterator<_Iterator, _Container>::__normal_iterator(const _Iterator&) [with _Iterator = short unsigned int*; _Container = std::vector<short unsigned int>]	16	static
/home/studio3s/st/stm32cubeide_1.8.0_2/plugins/com.st.stm32cube.ide.mcu.externaltools.gnu-tools-for-stm32.10.3-2021.10.linux64_1.0.0.202111181127/tools/arm-none-eabi/include/c++/10.3.1/bits/stl_vector.h:1756:7:std::vector<_Tp, _Alloc>::size_type std::vector<_Tp, _Alloc>::_M_check_len(std::vector<_Tp, _Alloc>::size_type, const char*) const [with _Tp = short unsigned int; _Alloc = std::allocator<short unsigned int>]	40	static
/home/studio3s/st/stm32cubeide_1.8.0_2/plugins/com.st.stm32cube.ide.mcu.externaltools.gnu-tools-for-stm32.10.3-2021.10.linux64_1.0.0.202111181127/tools/arm-none-eabi/include/c++/10.3.1/bits/stl_vector.h:811:7:std::vector<_Tp, _Alloc>::iterator std::vector<_Tp, _Alloc>::begin() [with _Tp = short unsigned int; _Alloc = std::allocator<short unsigned int>]	24	static
/home/studio3s/st/stm32cubeide_1.8.0_2/plugins/com.st.stm32cube.ide.mcu.externaltools.gnu-tools-for-stm32.10.3-2021.10.linux64_1.0.0.202111181127/tools/arm-none-eabi/include/c++/10.3.1/bits/stl_iterator.h:1202:5:typename __gnu_cxx::__normal_iterator<_Iterator, _Container>::difference_type __gnu_cxx::operator-(const __gnu_cxx::__normal_iterator<_Iterator, _Container>&, const __gnu_cxx::__normal_iterator<_Iterator, _Container>&) [with _Iterator = short unsigned int*; _Container = std::vector<short unsigned int>]	24	static
/home/studio3s/st/stm32cubeide_1.8.0_2/plugins/com.st.stm32cube.ide.mcu.externaltools.gnu-tools-for-stm32.10.3-2021.10.linux64_1.0.0.202111181127/tools/arm-none-eabi/include/c++/10.3.1/bits/stl_vector.h:343:7:std::_Vector_base<_Tp, _Alloc>::pointer std::_Vector_base<_Tp, _Alloc>::_M_allocate(std::size_t) [with _Tp = short unsigned int; _Alloc = std::allocator<short unsigned int>]	16	static
/home/studio3s/st/stm32cubeide_1.8.0_2/plugins/com.st.stm32cube.ide.mcu.externaltools.gnu-tools-for-stm32.10.3-2021.10.linux64_1.0.0.202111181127/tools/arm-none-eabi/include/c++/10.3.1/bits/stl_vector.h:465:7:static std::vector<_Tp, _Alloc>::pointer std::vector<_Tp, _Alloc>::_S_relocate(std::vector<_Tp, _Alloc>::pointer, std::vector<_Tp, _Alloc>::pointer, std::vector<_Tp, _Alloc>::pointer, std::vector<_Tp, _Alloc>::_Tp_alloc_type&) [with _Tp = short unsigned int; _Alloc = std::allocator<short unsigned int>]	40	static
/home/studio3s/st/stm32cubeide_1.8.0_2/plugins/com.st.stm32cube.ide.mcu.externaltools.gnu-tools-for-stm32.10.3-2021.10.linux64_1.0.0.202111181127/tools/arm-none-eabi/include/c++/10.3.1/bits/stl_iterator.h:1056:7:const _Iterator& __gnu_cxx::__normal_iterator<_Iterator, _Container>::base() const [with _Iterator = short unsigned int*; _Container = std::vector<short unsigned int>]	16	static
/home/studio3s/st/stm32cubeide_1.8.0_2/plugins/com.st.stm32cube.ide.mcu.externaltools.gnu-tools-for-stm32.10.3-2021.10.linux64_1.0.0.202111181127/tools/arm-none-eabi/include/c++/10.3.1/bits/stl_uninitialized.h:341:5:_ForwardIterator std::__uninitialized_move_if_noexcept_a(_InputIterator, _InputIterator, _ForwardIterator, _Allocator&) [with _InputIterator = short unsigned int*; _ForwardIterator = short unsigned int*; _Allocator = std::allocator<short unsigned int>]	32	static
/home/studio3s/st/stm32cubeide_1.8.0_2/plugins/com.st.stm32cube.ide.mcu.externaltools.gnu-tools-for-stm32.10.3-2021.10.linux64_1.0.0.202111181127/tools/arm-none-eabi/include/c++/10.3.1/bits/alloc_traits.h:527:2:static void std::allocator_traits<std::allocator<_Tp1> >::destroy(std::allocator_traits<std::allocator<_Tp1> >::allocator_type&, _Up*) [with _Up = short unsigned int; _Tp = short unsigned int]	16	static
/home/studio3s/st/stm32cubeide_1.8.0_2/plugins/com.st.stm32cube.ide.mcu.externaltools.gnu-tools-for-stm32.10.3-2021.10.linux64_1.0.0.202111181127/tools/arm-none-eabi/include/c++/10.3.1/bits/alloc_traits.h:507:2:) [with _Up = short unsigned int; _Args = {const short unsigned int&}; _Tp = short unsigned int]	24	static
/home/studio3s/st/stm32cubeide_1.8.0_2/plugins/com.st.stm32cube.ide.mcu.externaltools.gnu-tools-for-stm32.10.3-2021.10.linux64_1.0.0.202111181127/tools/arm-none-eabi/include/c++/10.3.1/bits/deque.tcc:481:7:) [with _Args = {const short unsigned int&}; _Tp = short unsigned int; _Alloc = std::allocator<short unsigned int>]	24	static
/home/studio3s/st/stm32cubeide_1.8.0_2/plugins/com.st.stm32cube.ide.mcu.externaltools.gnu-tools-for-stm32.10.3-2021.10.linux64_1.0.0.202111181127/tools/arm-none-eabi/include/c++/10.3.1/bits/deque.tcc:573:10:void std::deque<_Tp, _Alloc>::_M_pop_front_aux() [with _Tp = short unsigned int; _Alloc = std::allocator<short unsigned int>]	16	static
/home/studio3s/st/stm32cubeide_1.8.0_2/plugins/com.st.stm32cube.ide.mcu.externaltools.gnu-tools-for-stm32.10.3-2021.10.linux64_1.0.0.202111181127/tools/arm-none-eabi/include/c++/10.3.1/ext/new_allocator.h:126:7:void __gnu_cxx::new_allocator<_Tp>::deallocate(_Tp*, __gnu_cxx::new_allocator<_Tp>::size_type) [with _Tp = short unsigned int]	24	static
/home/studio3s/st/stm32cubeide_1.8.0_2/plugins/com.st.stm32cube.ide.mcu.externaltools.gnu-tools-for-stm32.10.3-2021.10.linux64_1.0.0.202111181127/tools/arm-none-eabi/include/c++/10.3.1/bits/stl_construct.h:161:9:static void std::_Destroy_aux<true>::__destroy(_ForwardIterator, _ForwardIterator) [with _ForwardIterator = short unsigned int*]	16	static
/home/studio3s/st/stm32cubeide_1.8.0_2/plugins/com.st.stm32cube.ide.mcu.externaltools.gnu-tools-for-stm32.10.3-2021.10.linux64_1.0.0.202111181127/tools/arm-none-eabi/include/c++/10.3.1/bits/stl_deque.h:492:2:std::_Deque_base<_Tp, _Alloc>::_Deque_impl_data::_Deque_impl_data() [with _Tp = short unsigned int; _Alloc = std::allocator<short unsigned int>]	16	static
/home/studio3s/st/stm32cubeide_1.8.0_2/plugins/com.st.stm32cube.ide.mcu.externaltools.gnu-tools-for-stm32.10.3-2021.10.linux64_1.0.0.202111181127/tools/arm-none-eabi/include/c++/10.3.1/bits/stl_algobase.h:254:5:constexpr const _Tp& std::max(const _Tp&, const _Tp&) [with _Tp = unsigned int]	16	static
/home/studio3s/st/stm32cubeide_1.8.0_2/plugins/com.st.stm32cube.ide.mcu.externaltools.gnu-tools-for-stm32.10.3-2021.10.linux64_1.0.0.202111181127/tools/arm-none-eabi/include/c++/10.3.1/bits/stl_deque.h:570:7:std::_Deque_base<_Tp, _Alloc>::_Map_pointer std::_Deque_base<_Tp, _Alloc>::_M_allocate_map(std::size_t) [with _Tp = short unsigned int; _Alloc = std::allocator<short unsigned int>]	32	static
/home/studio3s/st/stm32cubeide_1.8.0_2/plugins/com.st.stm32cube.ide.mcu.externaltools.gnu-tools-for-stm32.10.3-2021.10.linux64_1.0.0.202111181127/tools/arm-none-eabi/include/c++/10.3.1/bits/stl_deque.h:653:5:void std::_Deque_base<_Tp, _Alloc>::_M_create_nodes(std::_Deque_base<_Tp, _Alloc>::_Map_pointer, std::_Deque_base<_Tp, _Alloc>::_Map_pointer) [with _Tp = short unsigned int; _Alloc = std::allocator<short unsigned int>]	32	static
/home/studio3s/st/stm32cubeide_1.8.0_2/plugins/com.st.stm32cube.ide.mcu.externaltools.gnu-tools-for-stm32.10.3-2021.10.linux64_1.0.0.202111181127/tools/arm-none-eabi/include/c++/10.3.1/bits/stl_deque.h:260:7:void std::_Deque_iterator<_Tp, _Ref, _Ptr>::_M_set_node(std::_Deque_iterator<_Tp, _Ref, _Ptr>::_Map_pointer) [with _Tp = short unsigned int; _Ref = short unsigned int&; _Ptr = short unsigned int*]	24	static
/home/studio3s/st/stm32cubeide_1.8.0_2/plugins/com.st.stm32cube.ide.mcu.externaltools.gnu-tools-for-stm32.10.3-2021.10.linux64_1.0.0.202111181127/tools/arm-none-eabi/include/c++/10.3.1/bits/stl_deque.h:563:7:void std::_Deque_base<_Tp, _Alloc>::_M_deallocate_node(std::_Deque_base<_Tp, _Alloc>::_Ptr) [with _Tp = short unsigned int; _Alloc = std::allocator<short unsigned int>]	24	static
/home/studio3s/st/stm32cubeide_1.8.0_2/plugins/com.st.stm32cube.ide.mcu.externaltools.gnu-tools-for-stm32.10.3-2021.10.linux64_1.0.0.202111181127/tools/arm-none-eabi/include/c++/10.3.1/bits/stl_deque.h:552:7:std::_Deque_base<_Tp, _Alloc>::_Map_alloc_type std::_Deque_base<_Tp, _Alloc>::_M_get_map_allocator() const [with _Tp = short unsigned int; _Alloc = std::allocator<short unsigned int>]	16	static
/home/studio3s/st/stm32cubeide_1.8.0_2/plugins/com.st.stm32cube.ide.mcu.externaltools.gnu-tools-for-stm32.10.3-2021.10.linux64_1.0.0.202111181127/tools/arm-none-eabi/include/c++/10.3.1/bits/allocator.h:182:7:std::allocator< <template-parameter-1-1> >::~allocator() [with _Tp = short unsigned int*]	16	static
/home/studio3s/st/stm32cubeide_1.8.0_2/plugins/com.st.stm32cube.ide.mcu.externaltools.gnu-tools-for-stm32.10.3-2021.10.linux64_1.0.0.202111181127/tools/arm-none-eabi/include/c++/10.3.1/bits/alloc_traits.h:491:7:static void std::allocator_traits<std::allocator<_Tp1> >::deallocate(std::allocator_traits<std::allocator<_Tp1> >::allocator_type&, std::allocator_traits<std::allocator<_Tp1> >::pointer, std::allocator_traits<std::allocator<_Tp1> >::size_type) [with _Tp = short unsigned int*]	24	static
/home/studio3s/st/stm32cubeide_1.8.0_2/plugins/com.st.stm32cube.ide.mcu.externaltools.gnu-tools-for-stm32.10.3-2021.10.linux64_1.0.0.202111181127/tools/arm-none-eabi/include/c++/10.3.1/bits/stl_vector.h:923:7:std::vector<_Tp, _Alloc>::size_type std::vector<_Tp, _Alloc>::max_size() const [with _Tp = short unsigned int; _Alloc = std::allocator<short unsigned int>]	16	static
/home/studio3s/st/stm32cubeide_1.8.0_2/plugins/com.st.stm32cube.ide.mcu.externaltools.gnu-tools-for-stm32.10.3-2021.10.linux64_1.0.0.202111181127/tools/arm-none-eabi/include/c++/10.3.1/bits/stl_vector.h:918:7:std::vector<_Tp, _Alloc>::size_type std::vector<_Tp, _Alloc>::size() const [with _Tp = short unsigned int; _Alloc = std::allocator<short unsigned int>]	16	static
/home/studio3s/st/stm32cubeide_1.8.0_2/plugins/com.st.stm32cube.ide.mcu.externaltools.gnu-tools-for-stm32.10.3-2021.10.linux64_1.0.0.202111181127/tools/arm-none-eabi/include/c++/10.3.1/bits/alloc_traits.h:459:7:static _Tp* std::allocator_traits<std::allocator<_Tp1> >::allocate(std::allocator_traits<std::allocator<_Tp1> >::allocator_type&, std::allocator_traits<std::allocator<_Tp1> >::size_type) [with _Tp = short unsigned int]	16	static
/home/studio3s/st/stm32cubeide_1.8.0_2/plugins/com.st.stm32cube.ide.mcu.externaltools.gnu-tools-for-stm32.10.3-2021.10.linux64_1.0.0.202111181127/tools/arm-none-eabi/include/c++/10.3.1/bits/stl_vector.h:453:7:static std::vector<_Tp, _Alloc>::pointer std::vector<_Tp, _Alloc>::_S_do_relocate(std::vector<_Tp, _Alloc>::pointer, std::vector<_Tp, _Alloc>::pointer, std::vector<_Tp, _Alloc>::pointer, std::vector<_Tp, _Alloc>::_Tp_alloc_type&, std::true_type) [with _Tp = short unsigned int; _Alloc = std::allocator<short unsigned int>]	24	static
/home/studio3s/st/stm32cubeide_1.8.0_2/plugins/com.st.stm32cube.ide.mcu.externaltools.gnu-tools-for-stm32.10.3-2021.10.linux64_1.0.0.202111181127/tools/arm-none-eabi/include/c++/10.3.1/bits/stl_iterator.h:1619:5:_ReturnType std::__make_move_if_noexcept_iterator(_Tp*) [with _Tp = short unsigned int; _ReturnType = std::move_iterator<short unsigned int*>]	24	static
/home/studio3s/st/stm32cubeide_1.8.0_2/plugins/com.st.stm32cube.ide.mcu.externaltools.gnu-tools-for-stm32.10.3-2021.10.linux64_1.0.0.202111181127/tools/arm-none-eabi/include/c++/10.3.1/bits/stl_uninitialized.h:323:5:_ForwardIterator std::__uninitialized_copy_a(_InputIterator, _InputIterator, _ForwardIterator, std::allocator<_Tp>&) [with _InputIterator = std::move_iterator<short unsigned int*>; _ForwardIterator = short unsigned int*; _Tp = short unsigned int]	24	static
/home/studio3s/st/stm32cubeide_1.8.0_2/plugins/com.st.stm32cube.ide.mcu.externaltools.gnu-tools-for-stm32.10.3-2021.10.linux64_1.0.0.202111181127/tools/arm-none-eabi/include/c++/10.3.1/ext/new_allocator.h:160:2:void __gnu_cxx::new_allocator<_Tp>::destroy(_Up*) [with _Up = short unsigned int; _Tp = short unsigned int]	16	static
/home/studio3s/st/stm32cubeide_1.8.0_2/plugins/com.st.stm32cube.ide.mcu.externaltools.gnu-tools-for-stm32.10.3-2021.10.linux64_1.0.0.202111181127/tools/arm-none-eabi/include/c++/10.3.1/bits/move.h:76:5:constexpr _Tp&& std::forward(typename std::remove_reference<_Tp>::type&) [with _Tp = const short unsigned int&]	16	static
/home/studio3s/st/stm32cubeide_1.8.0_2/plugins/com.st.stm32cube.ide.mcu.externaltools.gnu-tools-for-stm32.10.3-2021.10.linux64_1.0.0.202111181127/tools/arm-none-eabi/include/c++/10.3.1/ext/new_allocator.h:154:2:) [with _Up = short unsigned int; _Args = {const short unsigned int&}; _Tp = short unsigned int]	32	static
/home/studio3s/st/stm32cubeide_1.8.0_2/plugins/com.st.stm32cube.ide.mcu.externaltools.gnu-tools-for-stm32.10.3-2021.10.linux64_1.0.0.202111181127/tools/arm-none-eabi/include/c++/10.3.1/bits/stl_deque.h:1230:7:std::deque<_Tp, _Alloc>::size_type std::deque<_Tp, _Alloc>::size() const [with _Tp = short unsigned int; _Alloc = std::allocator<short unsigned int>]	16	static
/home/studio3s/st/stm32cubeide_1.8.0_2/plugins/com.st.stm32cube.ide.mcu.externaltools.gnu-tools-for-stm32.10.3-2021.10.linux64_1.0.0.202111181127/tools/arm-none-eabi/include/c++/10.3.1/bits/stl_deque.h:1235:7:std::deque<_Tp, _Alloc>::size_type std::deque<_Tp, _Alloc>::max_size() const [with _Tp = short unsigned int; _Alloc = std::allocator<short unsigned int>]	16	static
/home/studio3s/st/stm32cubeide_1.8.0_2/plugins/com.st.stm32cube.ide.mcu.externaltools.gnu-tools-for-stm32.10.3-2021.10.linux64_1.0.0.202111181127/tools/arm-none-eabi/include/c++/10.3.1/bits/stl_deque.h:2123:7:void std::deque<_Tp, _Alloc>::_M_reserve_map_at_back(std::deque<_Tp, _Alloc>::size_type) [with _Tp = short unsigned int; _Alloc = std::allocator<short unsigned int>]	16	static
/home/studio3s/st/stm32cubeide_1.8.0_2/plugins/com.st.stm32cube.ide.mcu.externaltools.gnu-tools-for-stm32.10.3-2021.10.linux64_1.0.0.202111181127/tools/arm-none-eabi/include/c++/10.3.1/bits/stl_deque.h:556:7:std::_Deque_base<_Tp, _Alloc>::_Ptr std::_Deque_base<_Tp, _Alloc>::_M_allocate_node() [with _Tp = short unsigned int; _Alloc = std::allocator<short unsigned int>]	24	static
/home/studio3s/st/stm32cubeide_1.8.0_2/plugins/com.st.stm32cube.ide.mcu.externaltools.gnu-tools-for-stm32.10.3-2021.10.linux64_1.0.0.202111181127/tools/arm-none-eabi/include/c++/10.3.1/bits/stl_deque.h:151:7:std::_Deque_iterator<_Tp, _Ref, _Ptr>::_Deque_iterator() [with _Tp = short unsigned int; _Ref = short unsigned int&; _Ptr = short unsigned int*]	16	static
/home/studio3s/st/stm32cubeide_1.8.0_2/plugins/com.st.stm32cube.ide.mcu.externaltools.gnu-tools-for-stm32.10.3-2021.10.linux64_1.0.0.202111181127/tools/arm-none-eabi/include/c++/10.3.1/bits/alloc_traits.h:459:7:static _Tp* std::allocator_traits<std::allocator<_Tp1> >::allocate(std::allocator_traits<std::allocator<_Tp1> >::allocator_type&, std::allocator_traits<std::allocator<_Tp1> >::size_type) [with _Tp = short unsigned int*]	16	static
/home/studio3s/st/stm32cubeide_1.8.0_2/plugins/com.st.stm32cube.ide.mcu.externaltools.gnu-tools-for-stm32.10.3-2021.10.linux64_1.0.0.202111181127/tools/arm-none-eabi/include/c++/10.3.1/bits/stl_deque.h:131:21:static std::size_t std::_Deque_iterator<_Tp, _Ref, _Ptr>::_S_buffer_size() [with _Tp = short unsigned int; _Ref = short unsigned int&; _Ptr = short unsigned int*]	8	static
/home/studio3s/st/stm32cubeide_1.8.0_2/plugins/com.st.stm32cube.ide.mcu.externaltools.gnu-tools-for-stm32.10.3-2021.10.linux64_1.0.0.202111181127/tools/arm-none-eabi/include/c++/10.3.1/bits/stl_deque.h:548:7:const _Tp_alloc_type& std::_Deque_base<_Tp, _Alloc>::_M_get_Tp_allocator() const [with _Tp = short unsigned int; _Alloc = std::allocator<short unsigned int>]	16	static
/home/studio3s/st/stm32cubeide_1.8.0_2/plugins/com.st.stm32cube.ide.mcu.externaltools.gnu-tools-for-stm32.10.3-2021.10.linux64_1.0.0.202111181127/tools/arm-none-eabi/include/c++/10.3.1/bits/allocator.h:177:2:std::allocator< <template-parameter-1-1> >::allocator(const std::allocator<_Tp1>&) [with _Tp1 = short unsigned int; _Tp = short unsigned int*]	16	static
/home/studio3s/st/stm32cubeide_1.8.0_2/plugins/com.st.stm32cube.ide.mcu.externaltools.gnu-tools-for-stm32.10.3-2021.10.linux64_1.0.0.202111181127/tools/arm-none-eabi/include/c++/10.3.1/ext/new_allocator.h:89:7:__gnu_cxx::new_allocator<_Tp>::~new_allocator() [with _Tp = short unsigned int*]	16	static
/home/studio3s/st/stm32cubeide_1.8.0_2/plugins/com.st.stm32cube.ide.mcu.externaltools.gnu-tools-for-stm32.10.3-2021.10.linux64_1.0.0.202111181127/tools/arm-none-eabi/include/c++/10.3.1/ext/new_allocator.h:126:7:void __gnu_cxx::new_allocator<_Tp>::deallocate(_Tp*, __gnu_cxx::new_allocator<_Tp>::size_type) [with _Tp = short unsigned int*]	24	static
/home/studio3s/st/stm32cubeide_1.8.0_2/plugins/com.st.stm32cube.ide.mcu.externaltools.gnu-tools-for-stm32.10.3-2021.10.linux64_1.0.0.202111181127/tools/arm-none-eabi/include/c++/10.3.1/bits/stl_vector.h:1776:7:static std::vector<_Tp, _Alloc>::size_type std::vector<_Tp, _Alloc>::_S_max_size(const _Tp_alloc_type&) [with _Tp = short unsigned int; _Alloc = std::allocator<short unsigned int>]	24	static
/home/studio3s/st/stm32cubeide_1.8.0_2/plugins/com.st.stm32cube.ide.mcu.externaltools.gnu-tools-for-stm32.10.3-2021.10.linux64_1.0.0.202111181127/tools/arm-none-eabi/include/c++/10.3.1/bits/stl_vector.h:280:7:const _Tp_alloc_type& std::_Vector_base<_Tp, _Alloc>::_M_get_Tp_allocator() const [with _Tp = short unsigned int; _Alloc = std::allocator<short unsigned int>]	16	static
/home/studio3s/st/stm32cubeide_1.8.0_2/plugins/com.st.stm32cube.ide.mcu.externaltools.gnu-tools-for-stm32.10.3-2021.10.linux64_1.0.0.202111181127/tools/arm-none-eabi/include/c++/10.3.1/ext/new_allocator.h:103:7:_Tp* __gnu_cxx::new_allocator<_Tp>::allocate(__gnu_cxx::new_allocator<_Tp>::size_type, const void*) [with _Tp = short unsigned int]	24	static
/home/studio3s/st/stm32cubeide_1.8.0_2/plugins/com.st.stm32cube.ide.mcu.externaltools.gnu-tools-for-stm32.10.3-2021.10.linux64_1.0.0.202111181127/tools/arm-none-eabi/include/c++/10.3.1/bits/stl_uninitialized.h:1022:5:_ForwardIterator std::__relocate_a(_InputIterator, _InputIterator, _ForwardIterator, _Allocator&) [with _InputIterator = short unsigned int*; _ForwardIterator = short unsigned int*; _Allocator = std::allocator<short unsigned int>]	32	static
/home/studio3s/st/stm32cubeide_1.8.0_2/plugins/com.st.stm32cube.ide.mcu.externaltools.gnu-tools-for-stm32.10.3-2021.10.linux64_1.0.0.202111181127/tools/arm-none-eabi/include/c++/10.3.1/bits/stl_iterator.h:1344:7:std::move_iterator<_Iterator>::move_iterator(std::move_iterator<_Iterator>::iterator_type) [with _Iterator = short unsigned int*]	16	static
/home/studio3s/st/stm32cubeide_1.8.0_2/plugins/com.st.stm32cube.ide.mcu.externaltools.gnu-tools-for-stm32.10.3-2021.10.linux64_1.0.0.202111181127/tools/arm-none-eabi/include/c++/10.3.1/bits/stl_uninitialized.h:125:5:_ForwardIterator std::uninitialized_copy(_InputIterator, _InputIterator, _ForwardIterator) [with _InputIterator = std::move_iterator<short unsigned int*>; _ForwardIterator = short unsigned int*]	32	static
/home/studio3s/st/stm32cubeide_1.8.0_2/plugins/com.st.stm32cube.ide.mcu.externaltools.gnu-tools-for-stm32.10.3-2021.10.linux64_1.0.0.202111181127/tools/arm-none-eabi/include/c++/10.3.1/bits/stl_deque.h:353:7:std::_Deque_iterator<short unsigned int, short unsigned int&, short unsigned int*>::difference_type std::operator-(const _Self&, const _Self&)	16	static
/home/studio3s/st/stm32cubeide_1.8.0_2/plugins/com.st.stm32cube.ide.mcu.externaltools.gnu-tools-for-stm32.10.3-2021.10.linux64_1.0.0.202111181127/tools/arm-none-eabi/include/c++/10.3.1/bits/stl_deque.h:1831:7:static std::deque<_Tp, _Alloc>::size_type std::deque<_Tp, _Alloc>::_S_max_size(const _Tp_alloc_type&) [with _Tp = short unsigned int; _Alloc = std::allocator<short unsigned int>]	24	static
/home/studio3s/st/stm32cubeide_1.8.0_2/plugins/com.st.stm32cube.ide.mcu.externaltools.gnu-tools-for-stm32.10.3-2021.10.linux64_1.0.0.202111181127/tools/arm-none-eabi/include/c++/10.3.1/bits/deque.tcc:928:5:void std::deque<_Tp, _Alloc>::_M_reallocate_map(std::deque<_Tp, _Alloc>::size_type, bool) [with _Tp = short unsigned int; _Alloc = std::allocator<short unsigned int>]	56	static
/home/studio3s/st/stm32cubeide_1.8.0_2/plugins/com.st.stm32cube.ide.mcu.externaltools.gnu-tools-for-stm32.10.3-2021.10.linux64_1.0.0.202111181127/tools/arm-none-eabi/include/c++/10.3.1/ext/new_allocator.h:103:7:_Tp* __gnu_cxx::new_allocator<_Tp>::allocate(__gnu_cxx::new_allocator<_Tp>::size_type, const void*) [with _Tp = short unsigned int*]	24	static
/home/studio3s/st/stm32cubeide_1.8.0_2/plugins/com.st.stm32cube.ide.mcu.externaltools.gnu-tools-for-stm32.10.3-2021.10.linux64_1.0.0.202111181127/tools/arm-none-eabi/include/c++/10.3.1/ext/new_allocator.h:79:7:__gnu_cxx::new_allocator<_Tp>::new_allocator() [with _Tp = short unsigned int*]	16	static
/home/studio3s/st/stm32cubeide_1.8.0_2/plugins/com.st.stm32cube.ide.mcu.externaltools.gnu-tools-for-stm32.10.3-2021.10.linux64_1.0.0.202111181127/tools/arm-none-eabi/include/c++/10.3.1/bits/alloc_traits.h:543:7:static std::allocator_traits<std::allocator<_Tp1> >::size_type std::allocator_traits<std::allocator<_Tp1> >::max_size(const allocator_type&) [with _Tp = short unsigned int]	16	static
/home/studio3s/st/stm32cubeide_1.8.0_2/plugins/com.st.stm32cube.ide.mcu.externaltools.gnu-tools-for-stm32.10.3-2021.10.linux64_1.0.0.202111181127/tools/arm-none-eabi/include/c++/10.3.1/bits/stl_algobase.h:230:5:constexpr const _Tp& std::min(const _Tp&, const _Tp&) [with _Tp = unsigned int]	16	static
/home/studio3s/st/stm32cubeide_1.8.0_2/plugins/com.st.stm32cube.ide.mcu.externaltools.gnu-tools-for-stm32.10.3-2021.10.linux64_1.0.0.202111181127/tools/arm-none-eabi/include/c++/10.3.1/ext/new_allocator.h:191:7:constexpr __gnu_cxx::new_allocator<_Tp>::size_type __gnu_cxx::new_allocator<_Tp>::_M_max_size() const [with _Tp = short unsigned int]	16	static
/home/studio3s/st/stm32cubeide_1.8.0_2/plugins/com.st.stm32cube.ide.mcu.externaltools.gnu-tools-for-stm32.10.3-2021.10.linux64_1.0.0.202111181127/tools/arm-none-eabi/include/c++/10.3.1/bits/stl_algobase.h:313:5:_Iterator std::__niter_base(_Iterator) [with _Iterator = short unsigned int*]	16	static
/home/studio3s/st/stm32cubeide_1.8.0_2/plugins/com.st.stm32cube.ide.mcu.externaltools.gnu-tools-for-stm32.10.3-2021.10.linux64_1.0.0.202111181127/tools/arm-none-eabi/include/c++/10.3.1/bits/stl_uninitialized.h:988:5:std::__enable_if_t<std::__is_bitwise_relocatable<_Tp>::value, _Tp*> std::__relocate_a_1(_Tp*, _Tp*, _Tp*, std::allocator<_T2>&) [with _Tp = short unsigned int; _Up = short unsigned int]	32	static
/home/studio3s/st/stm32cubeide_1.8.0_2/plugins/com.st.stm32cube.ide.mcu.externaltools.gnu-tools-for-stm32.10.3-2021.10.linux64_1.0.0.202111181127/tools/arm-none-eabi/include/c++/10.3.1/bits/move.h:101:5:constexpr typename std::remove_reference<_Tp>::type&& std::move(_Tp&&) [with _Tp = short unsigned int*&]	16	static
/home/studio3s/st/stm32cubeide_1.8.0_2/plugins/com.st.stm32cube.ide.mcu.externaltools.gnu-tools-for-stm32.10.3-2021.10.linux64_1.0.0.202111181127/tools/arm-none-eabi/include/c++/10.3.1/bits/stl_uninitialized.h:107:9:static _ForwardIterator std::__uninitialized_copy<true>::__uninit_copy(_InputIterator, _InputIterator, _ForwardIterator) [with _InputIterator = std::move_iterator<short unsigned int*>; _ForwardIterator = short unsigned int*]	24	static
/home/studio3s/st/stm32cubeide_1.8.0_2/plugins/com.st.stm32cube.ide.mcu.externaltools.gnu-tools-for-stm32.10.3-2021.10.linux64_1.0.0.202111181127/tools/arm-none-eabi/include/c++/10.3.1/bits/stl_algobase.h:560:5:_OI std::copy(_II, _II, _OI) [with _II = short unsigned int**; _OI = short unsigned int**]	32	static
/home/studio3s/st/stm32cubeide_1.8.0_2/plugins/com.st.stm32cube.ide.mcu.externaltools.gnu-tools-for-stm32.10.3-2021.10.linux64_1.0.0.202111181127/tools/arm-none-eabi/include/c++/10.3.1/bits/stl_algobase.h:797:5:_BI2 std::copy_backward(_BI1, _BI1, _BI2) [with _BI1 = short unsigned int**; _BI2 = short unsigned int**]	32	static
/home/studio3s/st/stm32cubeide_1.8.0_2/plugins/com.st.stm32cube.ide.mcu.externaltools.gnu-tools-for-stm32.10.3-2021.10.linux64_1.0.0.202111181127/tools/arm-none-eabi/include/c++/10.3.1/ext/new_allocator.h:191:7:constexpr __gnu_cxx::new_allocator<_Tp>::size_type __gnu_cxx::new_allocator<_Tp>::_M_max_size() const [with _Tp = short unsigned int*]	16	static
/home/studio3s/st/stm32cubeide_1.8.0_2/plugins/com.st.stm32cube.ide.mcu.externaltools.gnu-tools-for-stm32.10.3-2021.10.linux64_1.0.0.202111181127/tools/arm-none-eabi/include/c++/10.3.1/ext/new_allocator.h:148:7:__gnu_cxx::new_allocator<_Tp>::size_type __gnu_cxx::new_allocator<_Tp>::max_size() const [with _Tp = short unsigned int]	16	static
/home/studio3s/st/stm32cubeide_1.8.0_2/plugins/com.st.stm32cube.ide.mcu.externaltools.gnu-tools-for-stm32.10.3-2021.10.linux64_1.0.0.202111181127/tools/arm-none-eabi/include/c++/10.3.1/bits/stl_algobase.h:560:5:_OI std::copy(_II, _II, _OI) [with _II = std::move_iterator<short unsigned int*>; _OI = short unsigned int*]	32	static
/home/studio3s/st/stm32cubeide_1.8.0_2/plugins/com.st.stm32cube.ide.mcu.externaltools.gnu-tools-for-stm32.10.3-2021.10.linux64_1.0.0.202111181127/tools/arm-none-eabi/include/c++/10.3.1/bits/cpp_type_traits.h:544:5:_Iterator std::__miter_base(_Iterator) [with _Iterator = short unsigned int**]	16	static
/home/studio3s/st/stm32cubeide_1.8.0_2/plugins/com.st.stm32cube.ide.mcu.externaltools.gnu-tools-for-stm32.10.3-2021.10.linux64_1.0.0.202111181127/tools/arm-none-eabi/include/c++/10.3.1/bits/stl_algobase.h:511:5:_OI std::__copy_move_a(_II, _II, _OI) [with bool _IsMove = false; _II = short unsigned int**; _OI = short unsigned int**]	32	static
/home/studio3s/st/stm32cubeide_1.8.0_2/plugins/com.st.stm32cube.ide.mcu.externaltools.gnu-tools-for-stm32.10.3-2021.10.linux64_1.0.0.202111181127/tools/arm-none-eabi/include/c++/10.3.1/bits/stl_algobase.h:745:5:_OI std::__copy_move_backward_a(_II, _II, _OI) [with bool _IsMove = false; _II = short unsigned int**; _OI = short unsigned int**]	32	static
/home/studio3s/st/stm32cubeide_1.8.0_2/plugins/com.st.stm32cube.ide.mcu.externaltools.gnu-tools-for-stm32.10.3-2021.10.linux64_1.0.0.202111181127/tools/arm-none-eabi/include/c++/10.3.1/bits/stl_iterator.h:2291:5:base())) std::__miter_base(std::move_iterator<_IteratorL>) [with _Iterator = short unsigned int*]	16	static
/home/studio3s/st/stm32cubeide_1.8.0_2/plugins/com.st.stm32cube.ide.mcu.externaltools.gnu-tools-for-stm32.10.3-2021.10.linux64_1.0.0.202111181127/tools/arm-none-eabi/include/c++/10.3.1/bits/stl_algobase.h:511:5:_OI std::__copy_move_a(_II, _II, _OI) [with bool _IsMove = true; _II = short unsigned int*; _OI = short unsigned int*]	32	static
/home/studio3s/st/stm32cubeide_1.8.0_2/plugins/com.st.stm32cube.ide.mcu.externaltools.gnu-tools-for-stm32.10.3-2021.10.linux64_1.0.0.202111181127/tools/arm-none-eabi/include/c++/10.3.1/bits/stl_algobase.h:313:5:_Iterator std::__niter_base(_Iterator) [with _Iterator = short unsigned int**]	16	static
/home/studio3s/st/stm32cubeide_1.8.0_2/plugins/com.st.stm32cube.ide.mcu.externaltools.gnu-tools-for-stm32.10.3-2021.10.linux64_1.0.0.202111181127/tools/arm-none-eabi/include/c++/10.3.1/bits/stl_algobase.h:505:5:_OI std::__copy_move_a1(_II, _II, _OI) [with bool _IsMove = false; _II = short unsigned int**; _OI = short unsigned int**]	24	static
/home/studio3s/st/stm32cubeide_1.8.0_2/plugins/com.st.stm32cube.ide.mcu.externaltools.gnu-tools-for-stm32.10.3-2021.10.linux64_1.0.0.202111181127/tools/arm-none-eabi/include/c++/10.3.1/bits/stl_algobase.h:330:5:_Iterator std::__niter_wrap(const _Iterator&, _Iterator) [with _Iterator = short unsigned int**]	16	static
/home/studio3s/st/stm32cubeide_1.8.0_2/plugins/com.st.stm32cube.ide.mcu.externaltools.gnu-tools-for-stm32.10.3-2021.10.linux64_1.0.0.202111181127/tools/arm-none-eabi/include/c++/10.3.1/bits/stl_algobase.h:717:5:_BI2 std::__copy_move_backward_a1(_BI1, _BI1, _BI2) [with bool _IsMove = false; _BI1 = short unsigned int**; _BI2 = short unsigned int**]	24	static
/home/studio3s/st/stm32cubeide_1.8.0_2/plugins/com.st.stm32cube.ide.mcu.externaltools.gnu-tools-for-stm32.10.3-2021.10.linux64_1.0.0.202111181127/tools/arm-none-eabi/include/c++/10.3.1/bits/stl_iterator.h:1362:7:std::move_iterator<_Iterator>::iterator_type std::move_iterator<_Iterator>::base() const [with _Iterator = short unsigned int*]	16	static
/home/studio3s/st/stm32cubeide_1.8.0_2/plugins/com.st.stm32cube.ide.mcu.externaltools.gnu-tools-for-stm32.10.3-2021.10.linux64_1.0.0.202111181127/tools/arm-none-eabi/include/c++/10.3.1/bits/cpp_type_traits.h:544:5:_Iterator std::__miter_base(_Iterator) [with _Iterator = short unsigned int*]	16	static
/home/studio3s/st/stm32cubeide_1.8.0_2/plugins/com.st.stm32cube.ide.mcu.externaltools.gnu-tools-for-stm32.10.3-2021.10.linux64_1.0.0.202111181127/tools/arm-none-eabi/include/c++/10.3.1/bits/stl_algobase.h:505:5:_OI std::__copy_move_a1(_II, _II, _OI) [with bool _IsMove = true; _II = short unsigned int*; _OI = short unsigned int*]	24	static
/home/studio3s/st/stm32cubeide_1.8.0_2/plugins/com.st.stm32cube.ide.mcu.externaltools.gnu-tools-for-stm32.10.3-2021.10.linux64_1.0.0.202111181127/tools/arm-none-eabi/include/c++/10.3.1/bits/stl_algobase.h:330:5:_Iterator std::__niter_wrap(const _Iterator&, _Iterator) [with _Iterator = short unsigned int*]	16	static
/home/studio3s/st/stm32cubeide_1.8.0_2/plugins/com.st.stm32cube.ide.mcu.externaltools.gnu-tools-for-stm32.10.3-2021.10.linux64_1.0.0.202111181127/tools/arm-none-eabi/include/c++/10.3.1/bits/stl_algobase.h:463:5:_OI std::__copy_move_a2(_II, _II, _OI) [with bool _IsMove = false; _II = short unsigned int**; _OI = short unsigned int**]	24	static
/home/studio3s/st/stm32cubeide_1.8.0_2/plugins/com.st.stm32cube.ide.mcu.externaltools.gnu-tools-for-stm32.10.3-2021.10.linux64_1.0.0.202111181127/tools/arm-none-eabi/include/c++/10.3.1/bits/stl_algobase.h:699:5:_BI2 std::__copy_move_backward_a2(_BI1, _BI1, _BI2) [with bool _IsMove = false; _BI1 = short unsigned int**; _BI2 = short unsigned int**]	24	static
/home/studio3s/st/stm32cubeide_1.8.0_2/plugins/com.st.stm32cube.ide.mcu.externaltools.gnu-tools-for-stm32.10.3-2021.10.linux64_1.0.0.202111181127/tools/arm-none-eabi/include/c++/10.3.1/bits/stl_algobase.h:463:5:_OI std::__copy_move_a2(_II, _II, _OI) [with bool _IsMove = true; _II = short unsigned int*; _OI = short unsigned int*]	24	static
/home/studio3s/st/stm32cubeide_1.8.0_2/plugins/com.st.stm32cube.ide.mcu.externaltools.gnu-tools-for-stm32.10.3-2021.10.linux64_1.0.0.202111181127/tools/arm-none-eabi/include/c++/10.3.1/bits/stl_algobase.h:415:2:static _Tp* std::__copy_move<_IsMove, true, std::random_access_iterator_tag>::__copy_m(const _Tp*, const _Tp*, _Tp*) [with _Tp = short unsigned int*; bool _IsMove = false]	32	static
/home/studio3s/st/stm32cubeide_1.8.0_2/plugins/com.st.stm32cube.ide.mcu.externaltools.gnu-tools-for-stm32.10.3-2021.10.linux64_1.0.0.202111181127/tools/arm-none-eabi/include/c++/10.3.1/bits/stl_algobase.h:680:2:static _Tp* std::__copy_move_backward<_IsMove, true, std::random_access_iterator_tag>::__copy_move_b(const _Tp*, const _Tp*, _Tp*) [with _Tp = short unsigned int*; bool _IsMove = false]	32	static
/home/studio3s/st/stm32cubeide_1.8.0_2/plugins/com.st.stm32cube.ide.mcu.externaltools.gnu-tools-for-stm32.10.3-2021.10.linux64_1.0.0.202111181127/tools/arm-none-eabi/include/c++/10.3.1/bits/stl_algobase.h:415:2:static _Tp* std::__copy_move<_IsMove, true, std::random_access_iterator_tag>::__copy_m(const _Tp*, const _Tp*, _Tp*) [with _Tp = short unsigned int; bool _IsMove = true]	32	static
