../Core/Src/stm32f7xx_it.c:78:6:NMI_Handler	4	static
../Core/Src/stm32f7xx_it.c:94:6:HardFault_Handler	4	static
../Core/Src/stm32f7xx_it.c:110:6:MemManage_Handler	4	static
../Core/Src/stm32f7xx_it.c:125:6:BusFault_Handler	4	static
../Core/Src/stm32f7xx_it.c:140:6:UsageFault_Handler	4	static
../Core/Src/stm32f7xx_it.c:155:6:DebugMon_Handler	4	static
../Core/Src/stm32f7xx_it.c:175:6:CAN1_RX0_IRQHandler	8	static
../Core/Src/stm32f7xx_it.c:189:6:USART1_IRQHandler	8	static
../Core/Src/stm32f7xx_it.c:203:6:USART3_IRQHandler	8	static
../Core/Src/stm32f7xx_it.c:217:6:UART4_IRQHandler	8	static
../Core/Src/stm32f7xx_it.c:231:6:UART5_IRQHandler	8	static
../Core/Src/stm32f7xx_it.c:245:6:TIM6_DAC_IRQHandler	8	static
../Core/Src/stm32f7xx_it.c:259:6:TIM7_IRQHandler	8	static
../Core/Src/stm32f7xx_it.c:273:6:ETH_IRQHandler	8	static
../Core/Src/stm32f7xx_it.c:287:6:USART6_IRQHandler	8	static
