../Core/Src/stm32f7xx_hal_msp.c:63:6:HAL_MspInit	16	static
../Core/Src/stm32f7xx_hal_msp.c:87:6:HAL_CAN_MspInit	48	static
../Core/Src/stm32f7xx_hal_msp.c:126:6:HAL_CAN_MspDeInit	16	static
../Core/Src/stm32f7xx_hal_msp.c:157:6:HAL_TIM_Base_MspInit	24	static
../Core/Src/stm32f7xx_hal_msp.c:182:6:HAL_TIM_Base_MspDeInit	16	static
../Core/Src/stm32f7xx_hal_msp.c:207:6:HAL_UART_MspInit	216	static
../Core/Src/stm32f7xx_hal_msp.c:413:6:HAL_UART_MspDeInit	16	static
../Core/Src/stm32f7xx_hal_msp.c:522:13:HAL_FMC_MspInit	32	static
../Core/Src/stm32f7xx_hal_msp.c:589:6:HAL_SRAM_MspInit	16	static
../Core/Src/stm32f7xx_hal_msp.c:601:13:HAL_FMC_MspDeInit	8	static
../Core/Src/stm32f7xx_hal_msp.c:651:6:HAL_SRAM_MspDeInit	16	static
